Microchip MPLAB XC8 Compiler V2.32

Linker command line:

-W-3 --edf=C:\Program Files\Microchip\xc8\v2.32\pic\dat\en_msgs.txt -cn \
  -h+dist/default/production\I2C_LCD.X.production.sym \
  --cmf=dist/default/production\I2C_LCD.X.production.cmf -z -Q18F4520 \
  -oC:\Users\XUAN\AppData\Local\Temp\xcAsabs.4 --defsym=__MPLAB_BUILD=1 \
  -Mdist/default/production/I2C_LCD.X.production.map -E1 -ver=XC8 Compiler \
  --acfsm=1493 -ASTACK=080h-05FFh -pstack=STACK -ACODE=00h-07FFFh \
  -ACONST=00h-07FFFh -ASMALLCONST=0600h-06FFhx122 \
  -AMEDIUMCONST=0600h-07FFFh -ACOMRAM=01h-07Fh -AABS1=00h-05FFh \
  -ABIGRAM=01h-05FFh -ARAM=080h-0FFh,0100h-01FFhx5 -ABANK0=080h-0FFh \
  -ABANK1=0100h-01FFh -ABANK2=0200h-02FFh -ABANK3=0300h-03FFh \
  -ABANK4=0400h-04FFh -ABANK5=0500h-05FFh -ASFR=0F80h-0FFFh \
  -ACONFIG=0300000h-030000Dh -AIDLOC=0200000h-0200007h \
  -AEEDATA=0F00000h-0F000FFh -peeprom_data=EEDATA \
  -preset_vec=00h,intcode,intcodelo,powerup,init -pramtop=0600h \
  -psmallconst=SMALLCONST -pmediumconst=MEDIUMCONST -pconst=CONST \
  -AFARRAM=00h-00h \
  -prdata=COMRAM,nvrram=COMRAM,nvbit=COMRAM,rbss=COMRAM,rbit=COMRAM \
  -pfarbss=FARRAM,fardata=FARRAM,nvFARRAM=FARRAM \
  -pintsave_regs=BIGRAM,bigbss=BIGRAM,bigdata=BIGRAM -pbss=RAM \
  -pidata=CODE,irdata=CODE,ibigdata=CODE,ifardata=CODE -prparam=COMRAM \
  C:\Users\XUAN\AppData\Local\Temp\xcAsabs.o \
  dist/default/production\I2C_LCD.X.production.o 

Object code version is 3.11

Machine type is 18F4520



                Name                               Link     Load   Length Selector   Space Scale
C:\Users\XUAN\AppData\Local\Temp\xcAsabs.o
                idloc                            200000   200000        8        0       5
                config                           300000   300000        E        0       4
                init                                  0        0        4        0       0
dist/default/production\I2C_LCD.X.production.o
                idloc                            200000   200000        8        0       5
                config                           300000   300000        E        0       4
                smallconst                          600      600       12      300       0
                text12                              8CC      8CC       16      309       0
                text11                              7FE      7FE       26      309       0
                text10                              8EA      8EA        8      309       0
                text9                               8E2      8E2        8      309       0
                text8                               862      862       1C      309       0
                text7                               8B2      8B2       1A      309       0
                text6                               824      824       20      309       0
                text5                               898      898       1A      309       0
                text4                               612      612       EE      309       0
                text3                               700      700       6A      309       0
                text2                               87E      87E       1A      309       0
                text1                               76A      76A       56      309       0
                text0                               7C0      7C0       3E      309       0
                cstackCOMRAM                          1        1        B        1       1
                dataCOMRAM                            E        E        1        1       1
                bssCOMRAM                             D        D        1        1       1
                cinit                               844      844       1E      309       0
                nvCOMRAM                              C        C        1        1       1
                idataCOMRAM                         8F2      8F2        1      309       0

TOTAL           Name                               Link     Load   Length     Space
        CLASS   STACK          

        CLASS   CODE           
                init                                  0        0        4         0
                text12                              8CC      8CC       16         0
                text11                              7FE      7FE       26         0
                text10                              8EA      8EA        8         0
                text9                               8E2      8E2        8         0
                text8                               862      862       1C         0
                text7                               8B2      8B2       1A         0
                text6                               824      824       20         0
                text5                               898      898       1A         0
                text4                               612      612       EE         0
                text3                               700      700       6A         0
                text2                               87E      87E       1A         0
                text1                               76A      76A       56         0
                text0                               7C0      7C0       3E         0
                cinit                               844      844       1E         0
                idataCOMRAM                         8F2      8F2        1         0

        CLASS   CONST          

        CLASS   SMALLCONST     
                smallconst                          600      600       12         0

        CLASS   MEDIUMCONST    

        CLASS   COMRAM         
                cstackCOMRAM                          1        1        B         1
                dataCOMRAM                            E        E        1         1
                bssCOMRAM                             D        D        1         1
                nvCOMRAM                              C        C        1         1

        CLASS   ABS1           

        CLASS   BIGRAM         

        CLASS   RAM            

        CLASS   BANK0          

        CLASS   BANK1          

        CLASS   BANK2          

        CLASS   BANK3          

        CLASS   BANK4          

        CLASS   BANK5          

        CLASS   SFR            

        CLASS   CONFIG         
                config                           300000   300000        E         4

        CLASS   IDLOC          
                idloc                            200000   200000        8         5

        CLASS   EEDATA         

        CLASS   FARRAM         



SEGMENTS        Name                           Load    Length   Top    Selector   Space  Class

                reset_vec                      000000  000004  000004         0       0  CODE    
                cstackCOMRAM                   000001  00000E  00000F         1       1  COMRAM  
                smallconst                     000600  000012  000612       300       0  SMALLCON
                text4                          000612  0002E1  0008F3       309       0  CODE    


UNUSED ADDRESS RANGES

        Name                Unused          Largest block    Delta
        BANK0            000080-0000FF               80
        BANK1            000100-0001FF              100
        BANK2            000200-0002FF              100
        BANK3            000300-0003FF              100
        BANK4            000400-0004FF              100
        BANK5            000500-0005FF              100
        BIGRAM           00000F-0005FF              5F1
        CODE             000004-0005FF              5FC
                         0008F3-007FFF             770D
        COMRAM           00000F-00007F               71
        CONST            000004-0005FF              5FC
                         0008F3-007FFF             770D
        EEDATA           F00000-F000FF              100
        MEDIUMCONST      0008F3-007FFF             770D
        RAM              000080-0005FF              100
        SFR              000F80-000FFF               80
        SMALLCONST       0008F3-007FFF              100
        STACK            000080-0005FF              580

                                  Symbol Table

I2C_Master_Write@data       cstackCOMRAM 000002
IO_Expander_Write@Data      cstackCOMRAM 000003
LCD_CMD@CMD                 cstackCOMRAM 000005
LCD_Init@I2C_Add            cstackCOMRAM 000008
LCD_Set_Cursor@COL          cstackCOMRAM 000006
LCD_Set_Cursor@ROW          cstackCOMRAM 000009
LCD_Write_4Bit@Nibble       cstackCOMRAM 000004
LCD_Write_Char@Data         cstackCOMRAM 000005
LCD_Write_String@Str        cstackCOMRAM 000006
LCD_Write_String@i          cstackCOMRAM 00000A
_ACKDT                      (abs)        007E2D
_ACKEN                      (abs)        007E2C
_ACKSTAT                    (abs)        007E2E
_BackLight_State            dataCOMRAM   00000E
_I2C_Master_Init            text12       0008CC
_I2C_Master_Start           text10       0008EA
_I2C_Master_Stop            text9        0008E2
_I2C_Master_Wait            text11       0007FE
_I2C_Master_Write           text8        000862
_IO_Expander_Write          text7        0008B2
_LCD_CMD                    text5        000898
_LCD_Init                   text4        000612
_LCD_Set_Cursor             text3        000700
_LCD_Write_4Bit             text6        000824
_LCD_Write_Char             text2        00087E
_LCD_Write_String           text1        00076A
_PEN                        (abs)        007E2A
_RCEN                       (abs)        007E2B
_RS                         bssCOMRAM    00000D
_RSEN                       (abs)        007E29
_SEN                        (abs)        007E28
_SSPADD                     (abs)        000FC8
_SSPBUF                     (abs)        000FC9
_SSPCON1                    (abs)        000FC6
_SSPCON2                    (abs)        000FC5
_SSPIF                      (abs)        007CF3
_SSPSTAT                    (abs)        000FC7
_TRISC3                     (abs)        007CA3
_TRISC4                     (abs)        007CA4
__HRAM                      (abs)        000000
__Habs1                     abs1         000000
__Hbank0                    bank0        000000
__Hbank1                    bank1        000000
__Hbank2                    bank2        000000
__Hbank3                    bank3        000000
__Hbank4                    bank4        000000
__Hbank5                    bank5        000000
__Hbigbss                   bigbss       000000
__Hbigdata                  bigdata      000000
__Hbigram                   bigram       000000
__Hbss                      bss          000000
__HbssCOMRAM                bssCOMRAM    000000
__Hcinit                    cinit        000000
__Hclrtext                  clrtext      000000
__Hcomram                   comram       000000
__Hconfig                   config       30000E
__Hconst                    const        000000
__HcstackCOMRAM             cstackCOMRAM 000000
__Hdata                     data         000000
__HdataCOMRAM               dataCOMRAM   000000
__Heeprom_data              eeprom_data  000000
__Hfarbss                   farbss       000000
__Hfardata                  fardata      000000
__Hibigdata                 ibigdata     000000
__Hidata                    idata        000000
__HidataCOMRAM              idataCOMRAM  000000
__Hidloc                    idloc        200008
__Hifardata                 ifardata     000000
__Hinit                     init         000004
__Hintcode                  intcode      000000
__Hintcode_body             intcode_body 000000
__Hintcodelo                intcodelo    000000
__Hintentry                 intentry     000000
__Hintret                   intret       000000
__Hintsave_regs             intsave_regs 000000
__Hirdata                   irdata       000000
__Hmediumconst              mediumconst  000000
__HnvCOMRAM                 nvCOMRAM     000000
__HnvFARRAM                 nvFARRAM     000000
__Hnvbit                    nvbit        000000
__Hnvrram                   nvrram       000000
__Hparam                    rparam       000000
__Hpowerup                  powerup      000000
__Hram                      ram          000000
__Hramtop                   ramtop       000600
__Hrbit                     rbit         000000
__Hrbss                     rbss         000000
__Hrdata                    rdata        000000
__Hreset_vec                reset_vec    000000
__Hrparam                   rparam       000000
__Hsfr                      sfr          000000
__Hsmallconst               smallconst   000612
__Hspace_0                  (abs)        0008F3
__Hspace_1                  (abs)        00000F
__Hspace_2                  (abs)        000000
__Hspace_4                  (abs)        60000E
__Hstack                    stack        000000
__Hstruct                   struct       000000
__Htemp                     temp         000000
__Htext                     text         000000
__Htext0                    text0        000000
__Htext1                    text1        000000
__Htext10                   text10       000000
__Htext11                   text11       000000
__Htext12                   text12       000000
__Htext2                    text2        000000
__Htext3                    text3        000000
__Htext4                    text4        000000
__Htext5                    text5        000000
__Htext6                    text6        000000
__Htext7                    text7        000000
__Htext8                    text8        000000
__Htext9                    text9        000000
__LRAM                      (abs)        000001
__Labs1                     abs1         000000
__Lbank0                    bank0        000000
__Lbank1                    bank1        000000
__Lbank2                    bank2        000000
__Lbank3                    bank3        000000
__Lbank4                    bank4        000000
__Lbank5                    bank5        000000
__Lbigbss                   bigbss       000000
__Lbigdata                  bigdata      000000
__Lbigram                   bigram       000000
__Lbss                      bss          000000
__LbssCOMRAM                bssCOMRAM    000000
__Lcinit                    cinit        000000
__Lclrtext                  clrtext      000000
__Lcomram                   comram       000000
__Lconfig                   config       000000
__Lconst                    const        000000
__LcstackCOMRAM             cstackCOMRAM 000000
__Ldata                     data         000000
__LdataCOMRAM               dataCOMRAM   000000
__Leeprom_data              eeprom_data  000000
__Lfarbss                   farbss       000000
__Lfardata                  fardata      000000
__Libigdata                 ibigdata     000000
__Lidata                    idata        000000
__LidataCOMRAM              idataCOMRAM  000000
__Lidloc                    idloc        000000
__Lifardata                 ifardata     000000
__Linit                     init         000000
__Lintcode                  intcode      000000
__Lintcode_body             intcode_body 000000
__Lintcodelo                intcodelo    000000
__Lintentry                 intentry     000000
__Lintret                   intret       000000
__Lintsave_regs             intsave_regs 000000
__Lirdata                   irdata       000000
__Lmediumconst              mediumconst  000000
__LnvCOMRAM                 nvCOMRAM     000000
__LnvFARRAM                 nvFARRAM     000000
__Lnvbit                    nvbit        000000
__Lnvrram                   nvrram       000000
__Lparam                    rparam       000000
__Lpowerup                  powerup      000000
__Lram                      ram          000000
__Lramtop                   ramtop       000600
__Lrbit                     rbit         000000
__Lrbss                     rbss         000000
__Lrdata                    rdata        000000
__Lreset_vec                reset_vec    000000
__Lrparam                   rparam       000000
__Lsfr                      sfr          000000
__Lsmallconst               smallconst   000600
__Lspace_0                  (abs)        000000
__Lspace_1                  (abs)        000000
__Lspace_2                  (abs)        000000
__Lspace_4                  (abs)        000000
__Lstack                    stack        000000
__Lstruct                   struct       000000
__Ltemp                     temp         000000
__Ltext                     text         000000
__Ltext0                    text0        000000
__Ltext1                    text1        000000
__Ltext10                   text10       000000
__Ltext11                   text11       000000
__Ltext12                   text12       000000
__Ltext2                    text2        000000
__Ltext3                    text3        000000
__Ltext4                    text4        000000
__Ltext5                    text5        000000
__Ltext6                    text6        000000
__Ltext7                    text7        000000
__Ltext8                    text8        000000
__Ltext9                    text9        000000
__S0                        (abs)        0008F3
__S1                        (abs)        00000F
__S2                        (abs)        000000
__S4                        (abs)        000000
__S5                        (abs)        000000
___inthi_sp                 stack        000000
___intlo_sp                 stack        000000
___param_bank               (abs)        000000
___rparam_used              (abs)        000001
___sp                       stack        000000
__accesstop                 (abs)        000080
__activetblptr              (abs)        000002
__end_of_I2C_Master_Init    text12       0008E2
__end_of_I2C_Master_Start   text10       0008F2
__end_of_I2C_Master_Stop    text9        0008EA
__end_of_I2C_Master_Wait    text11       000824
__end_of_I2C_Master_Write   text8        00087E
__end_of_IO_Expander_Write  text7        0008CC
__end_of_LCD_CMD            text5        0008B2
__end_of_LCD_Init           text4        000700
__end_of_LCD_Set_Cursor     text3        00076A
__end_of_LCD_Write_4Bit     text6        000844
__end_of_LCD_Write_Char     text2        000898
__end_of_LCD_Write_String   text1        0007C0
__end_of__initialization    cinit        000858
__end_of_main               text0        0007FE
__initialization            cinit        000844
__mediumconst               mediumconst  000000
__pbssCOMRAM                bssCOMRAM    00000D
__pcinit                    cinit        000844
__pcstackCOMRAM             cstackCOMRAM 000001
__pdataCOMRAM               dataCOMRAM   00000E
__pidataCOMRAM              idataCOMRAM  0008F2
__pnvCOMRAM                 nvCOMRAM     00000C
__psmallconst               smallconst   000600
__ptext0                    text0        0007C0
__ptext1                    text1        00076A
__ptext10                   text10       0008EA
__ptext11                   text11       0007FE
__ptext12                   text12       0008CC
__ptext2                    text2        00087E
__ptext3                    text3        000700
__ptext4                    text4        000612
__ptext5                    text5        000898
__ptext6                    text6        000824
__ptext7                    text7        0008B2
__ptext8                    text8        000862
__ptext9                    text9        0008E2
__ramtop                    ramtop       000600
__size_of_I2C_Master_Init   (abs)        000000
__size_of_I2C_Master_Start  (abs)        000000
__size_of_I2C_Master_Stop   (abs)        000000
__size_of_I2C_Master_Wait   (abs)        000000
__size_of_I2C_Master_Write  (abs)        000000
__size_of_IO_Expander_Write (abs)        000000
__size_of_LCD_CMD           (abs)        000000
__size_of_LCD_Init          (abs)        000000
__size_of_LCD_Set_Cursor    (abs)        000000
__size_of_LCD_Write_4Bit    (abs)        000000
__size_of_LCD_Write_Char    (abs)        000000
__size_of_LCD_Write_String  (abs)        000000
__size_of_main              (abs)        000000
__smallconst                smallconst   000600
_i2c_add                    nvCOMRAM     00000C
_main                       text0        0007C0
end_of_initialization       cinit        000858
intlevel0                   text         000000
intlevel1                   text         000000
intlevel2                   text         000000
intlevel3                   text         000000
isa$std                     (abs)        000001
isa$xinst                   (abs)        000000
stackhi                     (abs)        0005FF
stacklo                     (abs)        000080
start                       init         000000
start_initialization        cinit        000844


MODULE INFORMATION

Module		Function		Class		Link	Load	Size
main_I2C_LCD.c
		_main          		CODE           	07C0	0000	62

main_I2C_LCD.c estimated size: 62

./I2C_LCD_Sample.h
		_LCD_Init      		CODE           	0612	0000	238
		_LCD_Write_4Bit		CODE           	0824	0000	32
		_LCD_Write_Char		CODE           	087E	0000	26
		_LCD_CMD       		CODE           	0898	0000	26
		_I2C_Master_Wait		CODE           	07FE	0000	38
		_I2C_Master_Init		CODE           	08CC	0000	22
		_I2C_Master_Stop		CODE           	08E2	0000	8
		_LCD_Set_Cursor		CODE           	0700	0000	106
		_IO_Expander_Write		CODE           	08B2	0000	26
		_I2C_Master_Write		CODE           	0862	0000	28
		_I2C_Master_Start		CODE           	08EA	0000	8
		_LCD_Write_String		CODE           	076A	0000	86

./I2C_LCD_Sample.h estimated size: 644

shared
		__initialization		CODE           	0844	0000	20

shared estimated size: 20

