Microchip MPLAB XC8 Compiler V2.32

Linker command line:

-W-3 --edf=C:\Program Files\Microchip\xc8\v2.32\pic\dat\en_msgs.txt -cn \
  -h+dist/default/production\MAX7219.X.production.sym \
  --cmf=dist/default/production\MAX7219.X.production.cmf -z -Q18F4520 \
  -oC:\Users\XUAN\AppData\Local\Temp\xcAs78s.4 --defsym=__MPLAB_BUILD=1 \
  -Mdist/default/production/MAX7219.X.production.map -E1 -ver=XC8 Compiler \
  --acfsm=1493 -ASTACK=080h-05FFh -pstack=STACK -ACODE=00h-07FFFh \
  -ACONST=00h-07FFFh -ASMALLCONST=0600h-06FFhx122 \
  -AMEDIUMCONST=0600h-07FFFh -ACOMRAM=01h-07Fh -AABS1=00h-05FFh \
  -ABIGRAM=01h-05FFh -ARAM=080h-0FFh,0100h-01FFhx5 -ABANK0=080h-0FFh \
  -ABANK1=0100h-01FFh -ABANK2=0200h-02FFh -ABANK3=0300h-03FFh \
  -ABANK4=0400h-04FFh -ABANK5=0500h-05FFh -ASFR=0F80h-0FFFh \
  -ACONFIG=0300000h-030000Dh -AIDLOC=0200000h-0200007h \
  -AEEDATA=0F00000h-0F000FFh -peeprom_data=EEDATA \
  -preset_vec=00h,intcode,intcodelo,powerup,init -pramtop=0600h \
  -psmallconst=SMALLCONST -pmediumconst=MEDIUMCONST -pconst=CONST \
  -AFARRAM=00h-00h \
  -prdata=COMRAM,nvrram=COMRAM,nvbit=COMRAM,rbss=COMRAM,rbit=COMRAM \
  -pfarbss=FARRAM,fardata=FARRAM,nvFARRAM=FARRAM \
  -pintsave_regs=BIGRAM,bigbss=BIGRAM,bigdata=BIGRAM -pbss=RAM \
  -pidata=CODE,irdata=CODE,ibigdata=CODE,ifardata=CODE -prparam=COMRAM \
  C:\Users\XUAN\AppData\Local\Temp\xcAs78s.o \
  dist/default/production\MAX7219.X.production.o 

Object code version is 3.11

Machine type is 18F4520



                Name                               Link     Load   Length Selector   Space Scale
C:\Users\XUAN\AppData\Local\Temp\xcAs78s.o
                idloc                            200000   200000        8        0       5
                config                           300000   300000        E        0       4
                init                                  0        0        4        0       0
dist/default/production\MAX7219.X.production.o
                idloc                            200000   200000        8        0       5
                config                           300000   300000        E        0       4
                text9                              7CD6     7CD6       16     3E6B       0
                text8                              7E7A     7E7A       A4     3F3D       0
                text7                              7D52     7D52       88     3EA9       0
                text6                              7F1E     7F1E       E2     3F8F       0
                text5                              7CAE     7CAE       14     3E57       0
                text4                              7CC2     7CC2       14     3E61       0
                text3                              7D10     7D10       42     3E88       0
                text2                              7C9C     7C9C       12     3E4E       0
                text1                              7CEC     7CEC       24     3E76       0
                text0                              7DDA     7DDA       A0     3EED       0
                cstackCOMRAM                          1        1       21        1       1
                bssCOMRAM                            22       22        4        1       1
                cinit                              7C8E     7C8E        E     3E47       0

TOTAL           Name                               Link     Load   Length     Space
        CLASS   STACK          

        CLASS   CODE           
                init                                  0        0        4         0
                text9                              7CD6     7CD6       16         0
                text8                              7E7A     7E7A       A4         0
                text7                              7D52     7D52       88         0
                text6                              7F1E     7F1E       E2         0
                text5                              7CAE     7CAE       14         0
                text4                              7CC2     7CC2       14         0
                text3                              7D10     7D10       42         0
                text2                              7C9C     7C9C       12         0
                text1                              7CEC     7CEC       24         0
                text0                              7DDA     7DDA       A0         0
                cinit                              7C8E     7C8E        E         0

        CLASS   CONST          

        CLASS   SMALLCONST     

        CLASS   MEDIUMCONST    

        CLASS   COMRAM         
                cstackCOMRAM                          1        1       21         1
                bssCOMRAM                            22       22        4         1

        CLASS   ABS1           

        CLASS   BIGRAM         

        CLASS   RAM            

        CLASS   BANK0          

        CLASS   BANK1          

        CLASS   BANK2          

        CLASS   BANK3          

        CLASS   BANK4          

        CLASS   BANK5          

        CLASS   SFR            

        CLASS   CONFIG         
                config                           300000   300000        E         4

        CLASS   IDLOC          
                idloc                            200000   200000        8         5

        CLASS   EEDATA         

        CLASS   FARRAM         



SEGMENTS        Name                           Load    Length   Top    Selector   Space  Class

                reset_vec                      000000  000004  000004         0       0  CODE    
                cstackCOMRAM                   000001  000025  000026         1       1  COMRAM  
                cinit                          007C8E  00000E  007C9C      3E47       0  CODE    
                text2                          007C9C  000012  007CAE      3E4E       0  CODE    
                text5                          007CAE  000014  007CC2      3E57       0  CODE    
                text4                          007CC2  000014  007CD6      3E61       0  CODE    
                text9                          007CD6  000016  007CEC      3E6B       0  CODE    
                text1                          007CEC  000024  007D10      3E76       0  CODE    
                text3                          007D10  000042  007D52      3E88       0  CODE    
                text7                          007D52  000088  007DDA      3EA9       0  CODE    
                text0                          007DDA  0000A0  007E7A      3EED       0  CODE    
                text8                          007E7A  0000A4  007F1E      3F3D       0  CODE    
                text6                          007F1E  0000E2  008000      3F8F       0  CODE    


UNUSED ADDRESS RANGES

        Name                Unused          Largest block    Delta
        BANK0            000080-0000FF               80
        BANK1            000100-0001FF              100
        BANK2            000200-0002FF              100
        BANK3            000300-0003FF              100
        BANK4            000400-0004FF              100
        BANK5            000500-0005FF              100
        BIGRAM           000026-0005FF              5DA
        CODE             000004-007C8D             7C8A
        COMRAM           000026-00007F               5A
        CONST            000004-007C8D             7C8A
        EEDATA           F00000-F000FF              100
        MEDIUMCONST      000600-007C8D             768E
        RAM              000080-0005FF              100
        SFR              000F80-000FFF               80
        SMALLCONST       000600-007C8D              100
        STACK            000080-0005FF              580

                                  Symbol Table

?___lldiv                        cstackCOMRAM 000001
?___llmod                        cstackCOMRAM 000001
MAX7219Print@Number              cstackCOMRAM 00000E
MAX7219Print@NumberOfDigits      cstackCOMRAM 000012
MAX7219Print@i                   cstackCOMRAM 00001C
MAX7219_Write@data1              cstackCOMRAM 000002
MAX7219_Write@reg1               cstackCOMRAM 000003
Max7219UpdateIntensity@OnValue   cstackCOMRAM 000002
SPI_Write@data                   cstackCOMRAM 000001
_MAX7219Print                    text6        007F1E
_MAX7219_Write                   text5        007CAE
_MAX7219_init                    text3        007D10
_Max7219DisplayOn                text2        007C9C
_Max7219UpdateIntensity          text1        007CEC
_PORTCbits                       (abs)        000F82
_SPI_Init                        text4        007CC2
_SPI_Write                       text9        007CD6
_SSPBUF                          (abs)        000FC9
_SSPCON1                         (abs)        000FC6
_SSPSTAT                         (abs)        000FC7
_SSPSTATbits                     (abs)        000FC7
_TRISAbits                       (abs)        000F92
_TRISCbits                       (abs)        000F94
__HRAM                           (abs)        000000
__Habs1                          abs1         000000
__Hbank0                         bank0        000000
__Hbank1                         bank1        000000
__Hbank2                         bank2        000000
__Hbank3                         bank3        000000
__Hbank4                         bank4        000000
__Hbank5                         bank5        000000
__Hbigbss                        bigbss       000000
__Hbigdata                       bigdata      000000
__Hbigram                        bigram       000000
__Hbss                           bss          000000
__HbssCOMRAM                     bssCOMRAM    000000
__Hcinit                         cinit        000000
__Hclrtext                       clrtext      000000
__Hcomram                        comram       000000
__Hconfig                        config       30000E
__Hconst                         const        000000
__HcstackCOMRAM                  cstackCOMRAM 000000
__Hdata                          data         000000
__Heeprom_data                   eeprom_data  000000
__Hfarbss                        farbss       000000
__Hfardata                       fardata      000000
__Hibigdata                      ibigdata     000000
__Hidata                         idata        000000
__Hidloc                         idloc        200008
__Hifardata                      ifardata     000000
__Hinit                          init         000004
__Hintcode                       intcode      000000
__Hintcode_body                  intcode_body 000000
__Hintcodelo                     intcodelo    000000
__Hintentry                      intentry     000000
__Hintret                        intret       000000
__Hintsave_regs                  intsave_regs 000000
__Hirdata                        irdata       000000
__Hmediumconst                   mediumconst  000000
__HnvFARRAM                      nvFARRAM     000000
__Hnvbit                         nvbit        000000
__Hnvrram                        nvrram       000000
__Hparam                         rparam       000000
__Hpowerup                       powerup      000000
__Hram                           ram          000000
__Hramtop                        ramtop       000600
__Hrbit                          rbit         000000
__Hrbss                          rbss         000000
__Hrdata                         rdata        000000
__Hreset_vec                     reset_vec    000000
__Hrparam                        rparam       000000
__Hsfr                           sfr          000000
__Hsmallconst                    smallconst   000000
__Hspace_0                       (abs)        008000
__Hspace_1                       (abs)        000026
__Hspace_2                       (abs)        000000
__Hspace_4                       (abs)        60000E
__Hstack                         stack        000000
__Hstruct                        struct       000000
__Htemp                          temp         000000
__Htext                          text         000000
__Htext0                         text0        000000
__Htext1                         text1        000000
__Htext2                         text2        000000
__Htext3                         text3        000000
__Htext4                         text4        000000
__Htext5                         text5        000000
__Htext6                         text6        000000
__Htext7                         text7        000000
__Htext8                         text8        000000
__Htext9                         text9        000000
__LRAM                           (abs)        000001
__Labs1                          abs1         000000
__Lbank0                         bank0        000000
__Lbank1                         bank1        000000
__Lbank2                         bank2        000000
__Lbank3                         bank3        000000
__Lbank4                         bank4        000000
__Lbank5                         bank5        000000
__Lbigbss                        bigbss       000000
__Lbigdata                       bigdata      000000
__Lbigram                        bigram       000000
__Lbss                           bss          000000
__LbssCOMRAM                     bssCOMRAM    000000
__Lcinit                         cinit        000000
__Lclrtext                       clrtext      000000
__Lcomram                        comram       000000
__Lconfig                        config       000000
__Lconst                         const        000000
__LcstackCOMRAM                  cstackCOMRAM 000000
__Ldata                          data         000000
__Leeprom_data                   eeprom_data  000000
__Lfarbss                        farbss       000000
__Lfardata                       fardata      000000
__Libigdata                      ibigdata     000000
__Lidata                         idata        000000
__Lidloc                         idloc        000000
__Lifardata                      ifardata     000000
__Linit                          init         000000
__Lintcode                       intcode      000000
__Lintcode_body                  intcode_body 000000
__Lintcodelo                     intcodelo    000000
__Lintentry                      intentry     000000
__Lintret                        intret       000000
__Lintsave_regs                  intsave_regs 000000
__Lirdata                        irdata       000000
__Lmediumconst                   mediumconst  000000
__LnvFARRAM                      nvFARRAM     000000
__Lnvbit                         nvbit        000000
__Lnvrram                        nvrram       000000
__Lparam                         rparam       000000
__Lpowerup                       powerup      000000
__Lram                           ram          000000
__Lramtop                        ramtop       000600
__Lrbit                          rbit         000000
__Lrbss                          rbss         000000
__Lrdata                         rdata        000000
__Lreset_vec                     reset_vec    000000
__Lrparam                        rparam       000000
__Lsfr                           sfr          000000
__Lsmallconst                    smallconst   000000
__Lspace_0                       (abs)        000000
__Lspace_1                       (abs)        000000
__Lspace_2                       (abs)        000000
__Lspace_4                       (abs)        000000
__Lstack                         stack        000000
__Lstruct                        struct       000000
__Ltemp                          temp         000000
__Ltext                          text         000000
__Ltext0                         text0        000000
__Ltext1                         text1        000000
__Ltext2                         text2        000000
__Ltext3                         text3        000000
__Ltext4                         text4        000000
__Ltext5                         text5        000000
__Ltext6                         text6        000000
__Ltext7                         text7        000000
__Ltext8                         text8        000000
__Ltext9                         text9        000000
__S0                             (abs)        008000
__S1                             (abs)        000026
__S2                             (abs)        000000
__S4                             (abs)        000000
__S5                             (abs)        000000
___inthi_sp                      stack        000000
___intlo_sp                      stack        000000
___lldiv                         text8        007E7A
___lldiv@counter                 cstackCOMRAM 00000D
___lldiv@dividend                cstackCOMRAM 000001
___lldiv@divisor                 cstackCOMRAM 000005
___lldiv@quotient                cstackCOMRAM 000009
___llmod                         text7        007D52
___llmod@counter                 cstackCOMRAM 000009
___llmod@dividend                cstackCOMRAM 000001
___llmod@divisor                 cstackCOMRAM 000005
___param_bank                    (abs)        000000
___rparam_used                   (abs)        000001
___sp                            stack        000000
__accesstop                      (abs)        000080
__activetblptr                   (abs)        000000
__end_of_MAX7219Print            text6        008000
__end_of_MAX7219_Write           text5        007CC2
__end_of_MAX7219_init            text3        007D52
__end_of_Max7219DisplayOn        text2        007CAE
__end_of_Max7219UpdateIntensity  text1        007D10
__end_of_SPI_Init                text4        007CD6
__end_of_SPI_Write               text9        007CEC
__end_of___lldiv                 text8        007F1E
__end_of___llmod                 text7        007DDA
__end_of__initialization         cinit        007C96
__end_of_main                    text0        007E7A
__initialization                 cinit        007C8E
__mediumconst                    mediumconst  000000
__pbssCOMRAM                     bssCOMRAM    000022
__pcinit                         cinit        007C8E
__pcstackCOMRAM                  cstackCOMRAM 000001
__ptext0                         text0        007DDA
__ptext1                         text1        007CEC
__ptext2                         text2        007C9C
__ptext3                         text3        007D10
__ptext4                         text4        007CC2
__ptext5                         text5        007CAE
__ptext6                         text6        007F1E
__ptext7                         text7        007D52
__ptext8                         text8        007E7A
__ptext9                         text9        007CD6
__ramtop                         ramtop       000600
__size_of_MAX7219Print           (abs)        000000
__size_of_MAX7219_Write          (abs)        000000
__size_of_MAX7219_init           (abs)        000000
__size_of_Max7219DisplayOn       (abs)        000000
__size_of_Max7219UpdateIntensity (abs)        000000
__size_of_SPI_Init               (abs)        000000
__size_of_SPI_Write              (abs)        000000
__size_of___lldiv                (abs)        000000
__size_of___llmod                (abs)        000000
__size_of_main                   (abs)        000000
__smallconst                     smallconst   000000
_i                               bssCOMRAM    000022
_main                            text0        007DDA
end_of_initialization            cinit        007C96
intlevel0                        text         000000
intlevel1                        text         000000
intlevel2                        text         000000
intlevel3                        text         000000
isa$std                          (abs)        000001
isa$xinst                        (abs)        000000
stackhi                          (abs)        0005FF
stacklo                          (abs)        000080
start                            init         000000
start_initialization             cinit        007C8E


MODULE INFORMATION

Module		Function		Class		Link	Load	Size
main_MAX7219.c
		_main          		CODE           	7DDA	0000	160
		_SPI_Write     		CODE           	7CD6	0000	22
		_MAX7219_init  		CODE           	7D10	0000	66
		_MAX7219Print  		CODE           	7F1E	0000	226
		_MAX7219_Write 		CODE           	7CAE	0000	20
		_SPI_Init      		CODE           	7CC2	0000	20
		_Max7219DisplayOn		CODE           	7C9C	0000	18
		_Max7219UpdateIntensity		CODE           	7CEC	0000	36

main_MAX7219.c estimated size: 568

C:\Program Files\Microchip\xc8\v2.32\pic\sources\c99\common\llmod.c
		___llmod       		CODE           	7D52	0000	136

C:\Program Files\Microchip\xc8\v2.32\pic\sources\c99\common\llmod.c estimated size: 136

shared
		__initialization		CODE           	7C8E	0000	8

shared estimated size: 8

C:\Program Files\Microchip\xc8\v2.32\pic\sources\c99\common\__lldiv.c
		___lldiv       		CODE           	7E7A	0000	164

C:\Program Files\Microchip\xc8\v2.32\pic\sources\c99\common\__lldiv.c estimated size: 164

