Microchip MPLAB XC8 Compiler V2.32

Linker command line:

-W-3 --edf=C:\Program Files\Microchip\xc8\v2.32\pic\dat\en_msgs.txt -cn \
  -h+dist/default/production\PWM.X.production.sym \
  --cmf=dist/default/production\PWM.X.production.cmf -z -Q18F4520 \
  -oC:\Users\XUAN\AppData\Local\Temp\xcAsf68.4 --defsym=__MPLAB_BUILD=1 \
  -Mdist/default/production/PWM.X.production.map -E1 -ver=XC8 Compiler \
  --acfsm=1493 -ASTACK=080h-05FFh -pstack=STACK -ACODE=00h-07FFFh \
  -ACONST=00h-07FFFh -ASMALLCONST=0600h-06FFhx122 \
  -AMEDIUMCONST=0600h-07FFFh -ACOMRAM=01h-07Fh -AABS1=00h-05FFh \
  -ABIGRAM=01h-05FFh -ARAM=080h-0FFh,0100h-01FFhx5 -ABANK0=080h-0FFh \
  -ABANK1=0100h-01FFh -ABANK2=0200h-02FFh -ABANK3=0300h-03FFh \
  -ABANK4=0400h-04FFh -ABANK5=0500h-05FFh -ASFR=0F80h-0FFFh \
  -ACONFIG=0300000h-030000Dh -AIDLOC=0200000h-0200007h \
  -AEEDATA=0F00000h-0F000FFh -peeprom_data=EEDATA \
  -preset_vec=00h,intcode,intcodelo,powerup,init -pramtop=0600h \
  -psmallconst=SMALLCONST -pmediumconst=MEDIUMCONST -pconst=CONST \
  -AFARRAM=00h-00h \
  -prdata=COMRAM,nvrram=COMRAM,nvbit=COMRAM,rbss=COMRAM,rbit=COMRAM \
  -pfarbss=FARRAM,fardata=FARRAM,nvFARRAM=FARRAM \
  -pintsave_regs=BIGRAM,bigbss=BIGRAM,bigdata=BIGRAM -pbss=RAM \
  -pidata=CODE,irdata=CODE,ibigdata=CODE,ifardata=CODE -prparam=COMRAM \
  C:\Users\XUAN\AppData\Local\Temp\xcAsf68.o \
  dist/default/production\PWM.X.production.o 

Object code version is 3.11

Machine type is 18F4520



                Name                               Link     Load   Length Selector   Space Scale
C:\Users\XUAN\AppData\Local\Temp\xcAsf68.o
                idloc                            200000   200000        8        0       5
                config                           300000   300000        E        0       4
                init                                  0        0        4        0       0
dist/default/production\PWM.X.production.o
                idloc                            200000   200000        8        0       5
                config                           300000   300000        E        0       4
                text9                              741E     741E      10C     3A0F       0
                text8                              72AA     72AA       6E     3955       0
                text7                              725A     725A       50     392D       0
                text6                              783C     783C      39A     3C1E       0
                text5                              7BD6     7BD6      42A     3DEB       0
                text4                              7318     7318      106     398C       0
                text3                              7688     7688      1B4     3B44       0
                text2                              752A     752A      15E     3A95       0
                text1                              7220     7220        E     3910       0
                text0                              722E     722E       2C     3917       0
                cstackCOMRAM                          1        1       62        1       1
                cinit                              721A     721A        6     390D       0
                nvCOMRAM                             63       63        4        1       1

TOTAL           Name                               Link     Load   Length     Space
        CLASS   STACK          

        CLASS   CODE           
                init                                  0        0        4         0
                text9                              741E     741E      10C         0
                text8                              72AA     72AA       6E         0
                text7                              725A     725A       50         0
                text6                              783C     783C      39A         0
                text5                              7BD6     7BD6      42A         0
                text4                              7318     7318      106         0
                text3                              7688     7688      1B4         0
                text2                              752A     752A      15E         0
                text1                              7220     7220        E         0
                text0                              722E     722E       2C         0
                cinit                              721A     721A        6         0

        CLASS   CONST          

        CLASS   SMALLCONST     

        CLASS   MEDIUMCONST    

        CLASS   COMRAM         
                cstackCOMRAM                          1        1       62         1
                nvCOMRAM                             63       63        4         1

        CLASS   ABS1           

        CLASS   BIGRAM         

        CLASS   RAM            

        CLASS   BANK0          

        CLASS   BANK1          

        CLASS   BANK2          

        CLASS   BANK3          

        CLASS   BANK4          

        CLASS   BANK5          

        CLASS   SFR            

        CLASS   CONFIG         
                config                           300000   300000        E         4

        CLASS   IDLOC          
                idloc                            200000   200000        8         5

        CLASS   EEDATA         

        CLASS   FARRAM         



SEGMENTS        Name                           Load    Length   Top    Selector   Space  Class

                reset_vec                      000000  000004  000004         0       0  CODE    
                cstackCOMRAM                   000001  000066  000067         1       1  COMRAM  
                cinit                          00721A  000006  007220      390D       0  CODE    
                text1                          007220  00000E  00722E      3910       0  CODE    
                text0                          00722E  00002C  00725A      3917       0  CODE    
                text7                          00725A  000050  0072AA      392D       0  CODE    
                text8                          0072AA  00006E  007318      3955       0  CODE    
                text4                          007318  000106  00741E      398C       0  CODE    
                text9                          00741E  00010C  00752A      3A0F       0  CODE    
                text2                          00752A  00015E  007688      3A95       0  CODE    
                text3                          007688  0001B4  00783C      3B44       0  CODE    
                text6                          00783C  00039A  007BD6      3C1E       0  CODE    
                text5                          007BD6  00042A  008000      3DEB       0  CODE    


UNUSED ADDRESS RANGES

        Name                Unused          Largest block    Delta
        BANK0            000080-0000FF               80
        BANK1            000100-0001FF              100
        BANK2            000200-0002FF              100
        BANK3            000300-0003FF              100
        BANK4            000400-0004FF              100
        BANK5            000500-0005FF              100
        BIGRAM           000067-0005FF              599
        CODE             000004-007219             7216
        COMRAM           000067-00007F               19
        CONST            000004-007219             7216
        EEDATA           F00000-F000FF              100
        MEDIUMCONST      000600-007219             6C1A
        RAM              000080-0005FF              100
        SFR              000F80-000FFF               80
        SMALLCONST       000600-007219              100
        STACK            000080-0005FF              580

                                  Symbol Table

?_PWM_max_duty           cstackCOMRAM 00000F
?___aldiv                cstackCOMRAM 000001
?___fldiv                cstackCOMRAM 000023
?___flmul                cstackCOMRAM 00003C
?___fltol                cstackCOMRAM 000055
?___xxtofl               cstackCOMRAM 000015
PWM1_init@freq           cstackCOMRAM 00000F
PWM1_set_duty@duty       cstackCOMRAM 00005F
_CCP1CONbits             (abs)        000FBD
_CCP2CONbits             (abs)        000FBA
_CCPR1L                  (abs)        000FBE
_CCPR2L                  (abs)        000FBB
_PORTD                   (abs)        000F83
_PORTDbits               (abs)        000F83
_PR2                     (abs)        000FCB
_PWM1_init               text8        0072AA
_PWM1_set_duty           text2        00752A
_PWM1_start              text1        007220
_PWM_max_duty            text7        00725A
_T2CONbits               (abs)        000FCA
_TRISC                   (abs)        000F94
_TRISCbits               (abs)        000F94
_TRISD                   (abs)        000F95
__HRAM                   (abs)        000000
__Habs1                  abs1         000000
__Hbank0                 bank0        000000
__Hbank1                 bank1        000000
__Hbank2                 bank2        000000
__Hbank3                 bank3        000000
__Hbank4                 bank4        000000
__Hbank5                 bank5        000000
__Hbigbss                bigbss       000000
__Hbigdata               bigdata      000000
__Hbigram                bigram       000000
__Hbss                   bss          000000
__Hcinit                 cinit        000000
__Hclrtext               clrtext      000000
__Hcomram                comram       000000
__Hconfig                config       30000E
__Hconst                 const        000000
__HcstackCOMRAM          cstackCOMRAM 000000
__Hdata                  data         000000
__Heeprom_data           eeprom_data  000000
__Hfarbss                farbss       000000
__Hfardata               fardata      000000
__Hibigdata              ibigdata     000000
__Hidata                 idata        000000
__Hidloc                 idloc        200008
__Hifardata              ifardata     000000
__Hinit                  init         000004
__Hintcode               intcode      000000
__Hintcode_body          intcode_body 000000
__Hintcodelo             intcodelo    000000
__Hintentry              intentry     000000
__Hintret                intret       000000
__Hintsave_regs          intsave_regs 000000
__Hirdata                irdata       000000
__Hmediumconst           mediumconst  000000
__HnvCOMRAM              nvCOMRAM     000000
__HnvFARRAM              nvFARRAM     000000
__Hnvbit                 nvbit        000000
__Hnvrram                nvrram       000000
__Hparam                 rparam       000000
__Hpowerup               powerup      000000
__Hram                   ram          000000
__Hramtop                ramtop       000600
__Hrbit                  rbit         000000
__Hrbss                  rbss         000000
__Hrdata                 rdata        000000
__Hreset_vec             reset_vec    000000
__Hrparam                rparam       000000
__Hsfr                   sfr          000000
__Hsmallconst            smallconst   000000
__Hspace_0               (abs)        008000
__Hspace_1               (abs)        000067
__Hspace_2               (abs)        000000
__Hspace_4               (abs)        60000E
__Hstack                 stack        000000
__Hstruct                struct       000000
__Htemp                  temp         000000
__Htext                  text         000000
__Htext0                 text0        000000
__Htext1                 text1        000000
__Htext2                 text2        000000
__Htext3                 text3        000000
__Htext4                 text4        000000
__Htext5                 text5        000000
__Htext6                 text6        000000
__Htext7                 text7        000000
__Htext8                 text8        000000
__Htext9                 text9        000000
__LRAM                   (abs)        000001
__Labs1                  abs1         000000
__Lbank0                 bank0        000000
__Lbank1                 bank1        000000
__Lbank2                 bank2        000000
__Lbank3                 bank3        000000
__Lbank4                 bank4        000000
__Lbank5                 bank5        000000
__Lbigbss                bigbss       000000
__Lbigdata               bigdata      000000
__Lbigram                bigram       000000
__Lbss                   bss          000000
__Lcinit                 cinit        000000
__Lclrtext               clrtext      000000
__Lcomram                comram       000000
__Lconfig                config       000000
__Lconst                 const        000000
__LcstackCOMRAM          cstackCOMRAM 000000
__Ldata                  data         000000
__Leeprom_data           eeprom_data  000000
__Lfarbss                farbss       000000
__Lfardata               fardata      000000
__Libigdata              ibigdata     000000
__Lidata                 idata        000000
__Lidloc                 idloc        000000
__Lifardata              ifardata     000000
__Linit                  init         000000
__Lintcode               intcode      000000
__Lintcode_body          intcode_body 000000
__Lintcodelo             intcodelo    000000
__Lintentry              intentry     000000
__Lintret                intret       000000
__Lintsave_regs          intsave_regs 000000
__Lirdata                irdata       000000
__Lmediumconst           mediumconst  000000
__LnvCOMRAM              nvCOMRAM     000000
__LnvFARRAM              nvFARRAM     000000
__Lnvbit                 nvbit        000000
__Lnvrram                nvrram       000000
__Lparam                 rparam       000000
__Lpowerup               powerup      000000
__Lram                   ram          000000
__Lramtop                ramtop       000600
__Lrbit                  rbit         000000
__Lrbss                  rbss         000000
__Lrdata                 rdata        000000
__Lreset_vec             reset_vec    000000
__Lrparam                rparam       000000
__Lsfr                   sfr          000000
__Lsmallconst            smallconst   000000
__Lspace_0               (abs)        000000
__Lspace_1               (abs)        000000
__Lspace_2               (abs)        000000
__Lspace_4               (abs)        000000
__Lstack                 stack        000000
__Lstruct                struct       000000
__Ltemp                  temp         000000
__Ltext                  text         000000
__Ltext0                 text0        000000
__Ltext1                 text1        000000
__Ltext2                 text2        000000
__Ltext3                 text3        000000
__Ltext4                 text4        000000
__Ltext5                 text5        000000
__Ltext6                 text6        000000
__Ltext7                 text7        000000
__Ltext8                 text8        000000
__Ltext9                 text9        000000
__S0                     (abs)        008000
__S1                     (abs)        000067
__S2                     (abs)        000000
__S4                     (abs)        000000
__S5                     (abs)        000000
___aldiv                 text9        00741E
___aldiv@counter         cstackCOMRAM 000009
___aldiv@dividend        cstackCOMRAM 000001
___aldiv@divisor         cstackCOMRAM 000005
___aldiv@quotient        cstackCOMRAM 00000B
___aldiv@sign            cstackCOMRAM 00000A
___fldiv                 text6        00783C
___fldiv@a               cstackCOMRAM 000027
___fldiv@aexp            cstackCOMRAM 00003B
___fldiv@b               cstackCOMRAM 000023
___fldiv@bexp            cstackCOMRAM 00003A
___fldiv@grs             cstackCOMRAM 000036
___fldiv@new_exp         cstackCOMRAM 000034
___fldiv@rem             cstackCOMRAM 00002F
___fldiv@sign            cstackCOMRAM 000033
___flmul                 text5        007BD6
___flmul@a               cstackCOMRAM 000040
___flmul@aexp            cstackCOMRAM 00004D
___flmul@b               cstackCOMRAM 00003C
___flmul@bexp            cstackCOMRAM 00004E
___flmul@grs             cstackCOMRAM 000049
___flmul@prod            cstackCOMRAM 00004F
___flmul@sign            cstackCOMRAM 000048
___flmul@temp            cstackCOMRAM 000053
___fltol                 text4        007318
___fltol@exp1            cstackCOMRAM 00005E
___fltol@f1              cstackCOMRAM 000055
___fltol@sign1           cstackCOMRAM 00005D
___inthi_sp              stack        000000
___intlo_sp              stack        000000
___param_bank            (abs)        000000
___rparam_used           (abs)        000001
___sp                    stack        000000
___xxtofl                text3        007688
___xxtofl@arg            cstackCOMRAM 00001F
___xxtofl@exp            cstackCOMRAM 00001E
___xxtofl@sign           cstackCOMRAM 00001D
___xxtofl@val            cstackCOMRAM 000015
__accesstop              (abs)        000080
__activetblptr           (abs)        000000
__end_of_PWM1_init       text8        007318
__end_of_PWM1_set_duty   text2        007688
__end_of_PWM1_start      text1        00722E
__end_of_PWM_max_duty    text7        0072AA
__end_of___aldiv         text9        00752A
__end_of___fldiv         text6        007BD6
__end_of___flmul         text5        008000
__end_of___fltol         text4        00741E
__end_of___xxtofl        text3        00783C
__end_of__initialization cinit        00721A
__end_of_main            text0        00725A
__initialization         cinit        00721A
__mediumconst            mediumconst  000000
__pcinit                 cinit        00721A
__pcstackCOMRAM          cstackCOMRAM 000001
__pnvCOMRAM              nvCOMRAM     000063
__ptext0                 text0        00722E
__ptext1                 text1        007220
__ptext2                 text2        00752A
__ptext3                 text3        007688
__ptext4                 text4        007318
__ptext5                 text5        007BD6
__ptext6                 text6        00783C
__ptext7                 text7        00725A
__ptext8                 text8        0072AA
__ptext9                 text9        00741E
__ramtop                 ramtop       000600
__size_of_PWM1_init      (abs)        000000
__size_of_PWM1_set_duty  (abs)        000000
__size_of_PWM1_start     (abs)        000000
__size_of_PWM_max_duty   (abs)        000000
__size_of___aldiv        (abs)        000000
__size_of___fldiv        (abs)        000000
__size_of___flmul        (abs)        000000
__size_of___fltol        (abs)        000000
__size_of___xxtofl       (abs)        000000
__size_of_main           (abs)        000000
__smallconst             smallconst   000000
_frequency               nvCOMRAM     000063
_main                    text0        00722E
end_of_initialization    cinit        00721A
intlevel0                text         000000
intlevel1                text         000000
intlevel2                text         000000
intlevel3                text         000000
isa$std                  (abs)        000001
isa$xinst                (abs)        000000
stackhi                  (abs)        0005FF
stacklo                  (abs)        000080
start                    init         000000
start_initialization     cinit        00721A


MODULE INFORMATION

Module		Function		Class		Link	Load	Size
C:\Program Files\Microchip\xc8\v2.32\pic\sources\c99\common\aldiv.c
		___aldiv       		CODE           	741E	0000	268

C:\Program Files\Microchip\xc8\v2.32\pic\sources\c99\common\aldiv.c estimated size: 268

shared
		__initialization		CODE           	721A	0000	1

shared estimated size: 1

C:\Program Files\Microchip\xc8\v2.32\pic\sources\c99\common\sprcmul.c
		___flmul       		CODE           	7BD6	0000	1066

C:\Program Files\Microchip\xc8\v2.32\pic\sources\c99\common\sprcmul.c estimated size: 1066

C:\Program Files\Microchip\xc8\v2.32\pic\sources\c99\common\sprcdiv.c
		___fldiv       		CODE           	783C	0000	922

C:\Program Files\Microchip\xc8\v2.32\pic\sources\c99\common\sprcdiv.c estimated size: 922

C:\Program Files\Microchip\xc8\v2.32\pic\sources\c99\common\fltol.c
		___fltol       		CODE           	7318	0000	262

C:\Program Files\Microchip\xc8\v2.32\pic\sources\c99\common\fltol.c estimated size: 262

C:\Program Files\Microchip\xc8\v2.32\pic\sources\c99\common\xxtofl.c
		___xxtofl      		CODE           	7688	0000	436

C:\Program Files\Microchip\xc8\v2.32\pic\sources\c99\common\xxtofl.c estimated size: 436

main.c
		_PWM_max_duty  		CODE           	725A	0000	80
		_PWM1_start    		CODE           	7220	0000	14
		_main          		CODE           	722E	0000	44
		_PWM1_init     		CODE           	72AA	0000	110
		_PWM1_set_duty 		CODE           	752A	0000	350

main.c estimated size: 598

