Microchip MPLAB XC8 Compiler V2.32

Linker command line:

-W-3 --edf=C:\Program Files\Microchip\xc8\v2.32\pic\dat\en_msgs.txt -cn \
  -h+dist/default/production\I2C_Comunication.X.production.sym \
  --cmf=dist/default/production\I2C_Comunication.X.production.cmf -z \
  -Q18F4520 -oC:\Users\XUAN\AppData\Local\Temp\xcAs23c.4 \
  --defsym=__MPLAB_BUILD=1 \
  -Mdist/default/production/I2C_Comunication.X.production.map -E1 \
  -ver=XC8 Compiler --acfsm=1493 -ASTACK=080h-05FFh -pstack=STACK \
  -ACODE=00h-07FFFh -ACONST=00h-07FFFh -ASMALLCONST=0600h-06FFhx122 \
  -AMEDIUMCONST=0600h-07FFFh -ACOMRAM=01h-07Fh -AABS1=00h-05FFh \
  -ABIGRAM=01h-05FFh -ARAM=080h-0FFh,0100h-01FFhx5 -ABANK0=080h-0FFh \
  -ABANK1=0100h-01FFh -ABANK2=0200h-02FFh -ABANK3=0300h-03FFh \
  -ABANK4=0400h-04FFh -ABANK5=0500h-05FFh -ASFR=0F80h-0FFFh \
  -ACONFIG=0300000h-030000Dh -AIDLOC=0200000h-0200007h \
  -AEEDATA=0F00000h-0F000FFh -peeprom_data=EEDATA \
  -preset_vec=00h,intcode,intcodelo,powerup,init -pramtop=0600h \
  -psmallconst=SMALLCONST -pmediumconst=MEDIUMCONST -pconst=CONST \
  -AFARRAM=00h-00h \
  -prdata=COMRAM,nvrram=COMRAM,nvbit=COMRAM,rbss=COMRAM,rbit=COMRAM \
  -pfarbss=FARRAM,fardata=FARRAM,nvFARRAM=FARRAM \
  -pintsave_regs=BIGRAM,bigbss=BIGRAM,bigdata=BIGRAM -pbss=RAM \
  -pidata=CODE,irdata=CODE,ibigdata=CODE,ifardata=CODE -prparam=COMRAM \
  C:\Users\XUAN\AppData\Local\Temp\xcAs23c.o \
  dist/default/production\I2C_Comunication.X.production.o 

Object code version is 3.11

Machine type is 18F4520



                Name                               Link     Load   Length Selector   Space Scale
C:\Users\XUAN\AppData\Local\Temp\xcAs23c.o
                idloc                            200000   200000        8        0       5
                config                           300000   300000        E        0       4
                init                                  0        0        4        0       0
dist/default/production\I2C_Comunication.X.production.o
                idloc                            200000   200000        8        0       5
                config                           300000   300000        E        0       4
                text10                             7E90     7E90       16     3F48       0
                text9                              7EA6     7EA6       26     3F53       0
                text8                              7E60     7E60        A     3F30       0
                text7                              7E7C     7E7C       14     3F3E       0
                text6                              7E48     7E48        8     3F24       0
                text5                              7E50     7E50        8     3F28       0
                text4                              7E58     7E58        8     3F2C       0
                text3                              7E6A     7E6A       12     3F35       0
                text2                              7F02     7F02       44     3F81       0
                text1                              7ECC     7ECC       36     3F66       0
                text0                              7F46     7F46       BA     3FA3       0
                cstackCOMRAM                          1        1        F        1       1
                cinit                              7E42     7E42        6     3F21       0

TOTAL           Name                               Link     Load   Length     Space
        CLASS   STACK          

        CLASS   CODE           
                init                                  0        0        4         0
                text10                             7E90     7E90       16         0
                text9                              7EA6     7EA6       26         0
                text8                              7E60     7E60        A         0
                text7                              7E7C     7E7C       14         0
                text6                              7E48     7E48        8         0
                text5                              7E50     7E50        8         0
                text4                              7E58     7E58        8         0
                text3                              7E6A     7E6A       12         0
                text2                              7F02     7F02       44         0
                text1                              7ECC     7ECC       36         0
                text0                              7F46     7F46       BA         0
                cinit                              7E42     7E42        6         0

        CLASS   CONST          

        CLASS   SMALLCONST     

        CLASS   MEDIUMCONST    

        CLASS   COMRAM         
                cstackCOMRAM                          1        1        F         1

        CLASS   ABS1           

        CLASS   BIGRAM         

        CLASS   RAM            

        CLASS   BANK0          

        CLASS   BANK1          

        CLASS   BANK2          

        CLASS   BANK3          

        CLASS   BANK4          

        CLASS   BANK5          

        CLASS   SFR            

        CLASS   CONFIG         
                config                           300000   300000        E         4

        CLASS   IDLOC          
                idloc                            200000   200000        8         5

        CLASS   EEDATA         

        CLASS   FARRAM         



SEGMENTS        Name                           Load    Length   Top    Selector   Space  Class

                reset_vec                      000000  000004  000004         0       0  CODE    
                cstackCOMRAM                   000001  00000F  000010         1       1  COMRAM  
                cinit                          007E42  000006  007E48      3F21       0  CODE    
                text6                          007E48  000008  007E50      3F24       0  CODE    
                text5                          007E50  000008  007E58      3F28       0  CODE    
                text4                          007E58  000008  007E60      3F2C       0  CODE    
                text8                          007E60  00000A  007E6A      3F30       0  CODE    
                text3                          007E6A  000012  007E7C      3F35       0  CODE    
                text7                          007E7C  000014  007E90      3F3E       0  CODE    
                text10                         007E90  000016  007EA6      3F48       0  CODE    
                text9                          007EA6  000026  007ECC      3F53       0  CODE    
                text1                          007ECC  000036  007F02      3F66       0  CODE    
                text2                          007F02  000044  007F46      3F81       0  CODE    
                text0                          007F46  0000BA  008000      3FA3       0  CODE    


UNUSED ADDRESS RANGES

        Name                Unused          Largest block    Delta
        BANK0            000080-0000FF               80
        BANK1            000100-0001FF              100
        BANK2            000200-0002FF              100
        BANK3            000300-0003FF              100
        BANK4            000400-0004FF              100
        BANK5            000500-0005FF              100
        BIGRAM           000010-0005FF              5F0
        CODE             000004-007E41             7E3E
        COMRAM           000010-00007F               70
        CONST            000004-007E41             7E3E
        EEDATA           F00000-F000FF              100
        MEDIUMCONST      000600-007E41             7842
        RAM              000080-0005FF              100
        SFR              000F80-000FFF               80
        SMALLCONST       000600-007E41              100
        STACK            000080-0005FF              580

                                  Symbol Table

?_ReadEEPROM              cstackCOMRAM 000003
I2C_Write@data            cstackCOMRAM 000002
ReadEEPROM@address        cstackCOMRAM 000003
ReadEEPROM@temp           cstackCOMRAM 000006
WriteEEPROM@address       cstackCOMRAM 000003
WriteEEPROM@data          cstackCOMRAM 000005
WriteEEPROM@temp          cstackCOMRAM 000008
_ADCON1                   (abs)        000FC1
_I2C_Master_init          text10       007E90
_I2C_NACK                 text8        007E60
_I2C_Read                 text7        007E7C
_I2C_Restart              text6        007E48
_I2C_Start                text5        007E50
_I2C_Stop                 text4        007E58
_I2C_Write                text3        007E6A
_I2C_idle                 text9        007EA6
_PORTB                    (abs)        000F81
_ReadEEPROM               text2        007F02
_SSPADD                   (abs)        000FC8
_SSPBUF                   (abs)        000FC9
_SSPCON1                  (abs)        000FC6
_SSPCON2                  (abs)        000FC5
_SSPCON2bits              (abs)        000FC5
_SSPSTAT                  (abs)        000FC7
_SSPSTATbits              (abs)        000FC7
_TRISB                    (abs)        000F93
_TRISCbits                (abs)        000F94
_WriteEEPROM              text1        007ECC
__HRAM                    (abs)        000000
__Habs1                   abs1         000000
__Hbank0                  bank0        000000
__Hbank1                  bank1        000000
__Hbank2                  bank2        000000
__Hbank3                  bank3        000000
__Hbank4                  bank4        000000
__Hbank5                  bank5        000000
__Hbigbss                 bigbss       000000
__Hbigdata                bigdata      000000
__Hbigram                 bigram       000000
__Hbss                    bss          000000
__Hcinit                  cinit        000000
__Hclrtext                clrtext      000000
__Hcomram                 comram       000000
__Hconfig                 config       30000E
__Hconst                  const        000000
__HcstackCOMRAM           cstackCOMRAM 000000
__Hdata                   data         000000
__Heeprom_data            eeprom_data  000000
__Hfarbss                 farbss       000000
__Hfardata                fardata      000000
__Hibigdata               ibigdata     000000
__Hidata                  idata        000000
__Hidloc                  idloc        200008
__Hifardata               ifardata     000000
__Hinit                   init         000004
__Hintcode                intcode      000000
__Hintcode_body           intcode_body 000000
__Hintcodelo              intcodelo    000000
__Hintentry               intentry     000000
__Hintret                 intret       000000
__Hintsave_regs           intsave_regs 000000
__Hirdata                 irdata       000000
__Hmediumconst            mediumconst  000000
__HnvFARRAM               nvFARRAM     000000
__Hnvbit                  nvbit        000000
__Hnvrram                 nvrram       000000
__Hparam                  rparam       000000
__Hpowerup                powerup      000000
__Hram                    ram          000000
__Hramtop                 ramtop       000600
__Hrbit                   rbit         000000
__Hrbss                   rbss         000000
__Hrdata                  rdata        000000
__Hreset_vec              reset_vec    000000
__Hrparam                 rparam       000000
__Hsfr                    sfr          000000
__Hsmallconst             smallconst   000000
__Hspace_0                (abs)        008000
__Hspace_1                (abs)        000010
__Hspace_2                (abs)        000000
__Hspace_4                (abs)        60000E
__Hstack                  stack        000000
__Hstruct                 struct       000000
__Htemp                   temp         000000
__Htext                   text         000000
__Htext0                  text0        000000
__Htext1                  text1        000000
__Htext10                 text10       000000
__Htext2                  text2        000000
__Htext3                  text3        000000
__Htext4                  text4        000000
__Htext5                  text5        000000
__Htext6                  text6        000000
__Htext7                  text7        000000
__Htext8                  text8        000000
__Htext9                  text9        000000
__LRAM                    (abs)        000001
__Labs1                   abs1         000000
__Lbank0                  bank0        000000
__Lbank1                  bank1        000000
__Lbank2                  bank2        000000
__Lbank3                  bank3        000000
__Lbank4                  bank4        000000
__Lbank5                  bank5        000000
__Lbigbss                 bigbss       000000
__Lbigdata                bigdata      000000
__Lbigram                 bigram       000000
__Lbss                    bss          000000
__Lcinit                  cinit        000000
__Lclrtext                clrtext      000000
__Lcomram                 comram       000000
__Lconfig                 config       000000
__Lconst                  const        000000
__LcstackCOMRAM           cstackCOMRAM 000000
__Ldata                   data         000000
__Leeprom_data            eeprom_data  000000
__Lfarbss                 farbss       000000
__Lfardata                fardata      000000
__Libigdata               ibigdata     000000
__Lidata                  idata        000000
__Lidloc                  idloc        000000
__Lifardata               ifardata     000000
__Linit                   init         000000
__Lintcode                intcode      000000
__Lintcode_body           intcode_body 000000
__Lintcodelo              intcodelo    000000
__Lintentry               intentry     000000
__Lintret                 intret       000000
__Lintsave_regs           intsave_regs 000000
__Lirdata                 irdata       000000
__Lmediumconst            mediumconst  000000
__LnvFARRAM               nvFARRAM     000000
__Lnvbit                  nvbit        000000
__Lnvrram                 nvrram       000000
__Lparam                  rparam       000000
__Lpowerup                powerup      000000
__Lram                    ram          000000
__Lramtop                 ramtop       000600
__Lrbit                   rbit         000000
__Lrbss                   rbss         000000
__Lrdata                  rdata        000000
__Lreset_vec              reset_vec    000000
__Lrparam                 rparam       000000
__Lsfr                    sfr          000000
__Lsmallconst             smallconst   000000
__Lspace_0                (abs)        000000
__Lspace_1                (abs)        000000
__Lspace_2                (abs)        000000
__Lspace_4                (abs)        000000
__Lstack                  stack        000000
__Lstruct                 struct       000000
__Ltemp                   temp         000000
__Ltext                   text         000000
__Ltext0                  text0        000000
__Ltext1                  text1        000000
__Ltext10                 text10       000000
__Ltext2                  text2        000000
__Ltext3                  text3        000000
__Ltext4                  text4        000000
__Ltext5                  text5        000000
__Ltext6                  text6        000000
__Ltext7                  text7        000000
__Ltext8                  text8        000000
__Ltext9                  text9        000000
__S0                      (abs)        008000
__S1                      (abs)        000010
__S2                      (abs)        000000
__S4                      (abs)        000000
__S5                      (abs)        000000
___inthi_sp               stack        000000
___intlo_sp               stack        000000
___param_bank             (abs)        000000
___rparam_used            (abs)        000001
___sp                     stack        000000
__accesstop               (abs)        000080
__activetblptr            (abs)        000000
__end_of_I2C_Master_init  text10       007EA6
__end_of_I2C_NACK         text8        007E6A
__end_of_I2C_Read         text7        007E90
__end_of_I2C_Restart      text6        007E50
__end_of_I2C_Start        text5        007E58
__end_of_I2C_Stop         text4        007E60
__end_of_I2C_Write        text3        007E7C
__end_of_I2C_idle         text9        007ECC
__end_of_ReadEEPROM       text2        007F46
__end_of_WriteEEPROM      text1        007F02
__end_of__initialization  cinit        007E42
__end_of_main             text0        008000
__initialization          cinit        007E42
__mediumconst             mediumconst  000000
__pcinit                  cinit        007E42
__pcstackCOMRAM           cstackCOMRAM 000001
__ptext0                  text0        007F46
__ptext1                  text1        007ECC
__ptext10                 text10       007E90
__ptext2                  text2        007F02
__ptext3                  text3        007E6A
__ptext4                  text4        007E58
__ptext5                  text5        007E50
__ptext6                  text6        007E48
__ptext7                  text7        007E7C
__ptext8                  text8        007E60
__ptext9                  text9        007EA6
__ramtop                  ramtop       000600
__size_of_I2C_Master_init (abs)        000000
__size_of_I2C_NACK        (abs)        000000
__size_of_I2C_Read        (abs)        000000
__size_of_I2C_Restart     (abs)        000000
__size_of_I2C_Start       (abs)        000000
__size_of_I2C_Stop        (abs)        000000
__size_of_I2C_Write       (abs)        000000
__size_of_I2C_idle        (abs)        000000
__size_of_ReadEEPROM      (abs)        000000
__size_of_WriteEEPROM     (abs)        000000
__size_of_main            (abs)        000000
__smallconst              smallconst   000000
_main                     text0        007F46
end_of_initialization     cinit        007E42
intlevel0                 text         000000
intlevel1                 text         000000
intlevel2                 text         000000
intlevel3                 text         000000
isa$std                   (abs)        000001
isa$xinst                 (abs)        000000
main@a                    cstackCOMRAM 00000C
main@i                    cstackCOMRAM 00000E
stackhi                   (abs)        0005FF
stacklo                   (abs)        000080
start                     init         000000
start_initialization      cinit        007E42


MODULE INFORMATION

Module		Function		Class		Link	Load	Size
shared
		__initialization		CODE           	7E42	0000	1

shared estimated size: 1

main_I2C.c
		_main          		CODE           	7F46	0000	186
		_I2C_Master_init		CODE           	7E90	0000	22
		_I2C_Write     		CODE           	7E6A	0000	18
		_I2C_Stop      		CODE           	7E58	0000	8
		_ReadEEPROM    		CODE           	7F02	0000	68
		_WriteEEPROM   		CODE           	7ECC	0000	54
		_I2C_Read      		CODE           	7E7C	0000	20
		_I2C_idle      		CODE           	7EA6	0000	38
		_I2C_NACK      		CODE           	7E60	0000	10
		_I2C_Start     		CODE           	7E50	0000	8
		_I2C_Restart   		CODE           	7E48	0000	8

main_I2C.c estimated size: 440

