Microchip MPLAB XC8 Compiler V2.32

Linker command line:

-W-3 --edf=C:\Program Files\Microchip\xc8\v2.32\pic\dat\en_msgs.txt -cn \
  -h+dist/default/production\ADC.X.production.sym \
  --cmf=dist/default/production\ADC.X.production.cmf -z -Q18F4520 \
  -oC:\Users\XUAN\AppData\Local\Temp\xcAs4qk.4 --defsym=__MPLAB_BUILD=1 \
  -Mdist/default/production/ADC.X.production.map -E1 -ver=XC8 Compiler \
  --acfsm=1493 -ASTACK=0BCh-05FFh -pstack=STACK -ACODE=00h-07FFFh \
  -ACONST=00h-07FFFh -ASMALLCONST=0600h-06FFhx122 \
  -AMEDIUMCONST=0600h-07FFFh -ACOMRAM=01h-07Fh -AABS1=00h-05FFh \
  -ABIGRAM=01h-05FFh -ARAM=080h-0FFh,0100h-01FFhx5 -ABANK0=080h-0FFh \
  -ABANK1=0100h-01FFh -ABANK2=0200h-02FFh -ABANK3=0300h-03FFh \
  -ABANK4=0400h-04FFh -ABANK5=0500h-05FFh -ASFR=0F80h-0FFFh \
  -ACONFIG=0300000h-030000Dh -AIDLOC=0200000h-0200007h \
  -AEEDATA=0F00000h-0F000FFh -peeprom_data=EEDATA \
  -preset_vec=00h,intcode,intcodelo,powerup,init -pramtop=0600h \
  -psmallconst=SMALLCONST -pmediumconst=MEDIUMCONST -pconst=CONST \
  -AFARRAM=00h-00h \
  -prdata=COMRAM,nvrram=COMRAM,nvbit=COMRAM,rbss=COMRAM,rbit=COMRAM \
  -pfarbss=FARRAM,fardata=FARRAM,nvFARRAM=FARRAM \
  -pintsave_regs=BIGRAM,bigbss=BIGRAM,bigdata=BIGRAM -pbss=RAM \
  -pidata=CODE,irdata=CODE,ibigdata=CODE,ifardata=CODE -prparam=COMRAM \
  C:\Users\XUAN\AppData\Local\Temp\xcAs4qk.o \
  dist/default/production\ADC.X.production.o 

Object code version is 3.11

Machine type is 18F4520



                Name                               Link     Load   Length Selector   Space Scale
C:\Users\XUAN\AppData\Local\Temp\xcAs4qk.o
                idloc                            200000   200000        8        0       5
                config                           300000   300000        E        0       4
                init                                  0        0        4        0       0
dist/default/production\ADC.X.production.o
                idloc                            200000   200000        8        0       5
                config                           300000   300000        E        0       4
                smallconst                          600      600       1C      300       0
                text24                             1A96     1A96       16      30E       0
                text23                             1996     1996       34      30E       0
                text22                             1A24     1A24       2A      30E       0
                text21                             19CA     19CA       30      30E       0
                text20                             19FA     19FA       2A      30E       0
                text19                             17B0     17B0       5E      30E       0
                text18                             1920     1920       40      30E       0
                text17                              61C      61C      42A      30E       0
                text16                             14C0     14C0      106      30E       0
                text15                              D24      D24      1B4      30E       0
                text14                             108A     108A      188      30E       0
                text13                             1212     1212      164      30E       0
                text12                             18E0     18E0       40      30E       0
                text11                             1AAC     1AAC        2      30E       0
                text10                             15C6     15C6       CA      30E       0
                text9                              185C     185C       44      30E       0
                text8                              1960     1960       36      30E       0
                text7                              1690     1690       C2      30E       0
                text6                               A46      A46      2DE      30E       0
                text5                               ED8      ED8      1B2      30E       0
                text4                              1752     1752       5E      30E       0
                text3                              180E     180E       4E      30E       0
                text2                              18A0     18A0       40      30E       0
                text1                              1A4E     1A4E       26      30E       0
                text0                              1376     1376      14A      30E       0
                cstackCOMRAM                          1        1       66        1       1
                cstackBANK0                          A0       A0       1C       80       1
                bssBANK0                             80       80       20       80       1
                bssCOMRAM                            67       67        8        1       1
                cinit                              1A74     1A74       22      30E       0

TOTAL           Name                               Link     Load   Length     Space
        CLASS   STACK          

        CLASS   CODE           
                init                                  0        0        4         0
                text24                             1A96     1A96       16         0
                text23                             1996     1996       34         0
                text22                             1A24     1A24       2A         0
                text21                             19CA     19CA       30         0
                text20                             19FA     19FA       2A         0
                text19                             17B0     17B0       5E         0
                text18                             1920     1920       40         0
                text17                              61C      61C      42A         0
                text16                             14C0     14C0      106         0
                text15                              D24      D24      1B4         0
                text14                             108A     108A      188         0
                text13                             1212     1212      164         0
                text12                             18E0     18E0       40         0
                text11                             1AAC     1AAC        2         0
                text10                             15C6     15C6       CA         0
                text9                              185C     185C       44         0
                text8                              1960     1960       36         0
                text7                              1690     1690       C2         0
                text6                               A46      A46      2DE         0
                text5                               ED8      ED8      1B2         0
                text4                              1752     1752       5E         0
                text3                              180E     180E       4E         0
                text2                              18A0     18A0       40         0
                text1                              1A4E     1A4E       26         0
                text0                              1376     1376      14A         0
                cinit                              1A74     1A74       22         0

        CLASS   CONST          

        CLASS   SMALLCONST     
                smallconst                          600      600       1C         0

        CLASS   MEDIUMCONST    

        CLASS   COMRAM         
                cstackCOMRAM                          1        1       66         1
                bssCOMRAM                            67       67        8         1

        CLASS   ABS1           

        CLASS   BIGRAM         

        CLASS   RAM            

        CLASS   BANK0          
                cstackBANK0                          A0       A0       1C         1
                bssBANK0                             80       80       20         1

        CLASS   BANK1          

        CLASS   BANK2          

        CLASS   BANK3          

        CLASS   BANK4          

        CLASS   BANK5          

        CLASS   SFR            

        CLASS   CONFIG         
                config                           300000   300000        E         4

        CLASS   IDLOC          
                idloc                            200000   200000        8         5

        CLASS   EEDATA         

        CLASS   FARRAM         



SEGMENTS        Name                           Load    Length   Top    Selector   Space  Class

                reset_vec                      000000  000004  000004         0       0  CODE    
                cstackCOMRAM                   000001  00006E  00006F         1       1  COMRAM  
                bssBANK0                       000080  00003C  0000BC        80       1  BANK0   
                smallconst                     000600  00001C  00061C       300       0  SMALLCON
                text17                         00061C  001492  001AAE       30E       0  CODE    


UNUSED ADDRESS RANGES

        Name                Unused          Largest block    Delta
        BANK0            0000BC-0000FF               44
        BANK1            000100-0001FF              100
        BANK2            000200-0002FF              100
        BANK3            000300-0003FF              100
        BANK4            000400-0004FF              100
        BANK5            000500-0005FF              100
        BIGRAM           00006F-00007F               11
                         0000BC-0005FF              544
        CODE             000004-0005FF              5FC
                         001AAE-007FFF             6552
        COMRAM           00006F-00007F               11
        CONST            000004-0005FF              5FC
                         001AAE-007FFF             6552
        EEDATA           F00000-F000FF              100
        MEDIUMCONST      001AAE-007FFF             6552
        RAM              0000BC-0005FF              100
        SFR              000F80-000FFF               80
        SMALLCONST       001AAE-007FFF              100
        STACK            0000BC-0005FF              544

                                  Symbol Table

?_ADC_Read               cstackCOMRAM 000001
?___aodiv                cstackCOMRAM 000001
?___aomod                cstackCOMRAM 000001
?___flmul                cstackCOMRAM 00000F
?___fltol                cstackCOMRAM 000028
?___xxtofl               cstackCOMRAM 000001
?_abs                    cstackCOMRAM 000013
?_dtoa                   cstackCOMRAM 00001C
?_pad                    cstackCOMRAM 000011
?_sprintf                cstackCOMRAM 000058
?_strlen                 cstackCOMRAM 000001
?_vfpfcnvrt              cstackCOMRAM 000040
?_vfprintf               cstackCOMRAM 000050
ADC_Read@digital         cstackCOMRAM 000005
LCD_Char@dat             cstackCOMRAM 000002
LCD_Command@cmd          cstackCOMRAM 000002
LCD_String@msg           cstackCOMRAM 000003
LCD_String_xy@location   cstackCOMRAM 000009
LCD_String_xy@msg        cstackCOMRAM 000006
LCD_String_xy@pos        cstackCOMRAM 000005
LCD_String_xy@row        cstackCOMRAM 000008
_ADCON0                  (abs)        000FC2
_ADCON0bits              (abs)        000FC2
_ADCON1                  (abs)        000FC1
_ADCON2                  (abs)        000FC0
_ADC_Init                text24       001A96
_ADC_Read                text23       001996
_ADRESH                  (abs)        000FC4
_ADRESL                  (abs)        000FC3
_LCD_Char                text20       0019FA
_LCD_Command             text22       001A24
_LCD_Init                text21       0019CA
_LCD_String              text19       0017B0
_LCD_String_xy           text18       001920
_PORTB                   (abs)        000F81
_PORTDbits               (abs)        000F83
_TRISA                   (abs)        000F92
_TRISB                   (abs)        000F93
_TRISD                   (abs)        000F95
__HRAM                   (abs)        000000
__Habs1                  abs1         000000
__Hbank0                 bank0        000000
__Hbank1                 bank1        000000
__Hbank2                 bank2        000000
__Hbank3                 bank3        000000
__Hbank4                 bank4        000000
__Hbank5                 bank5        000000
__Hbigbss                bigbss       000000
__Hbigdata               bigdata      000000
__Hbigram                bigram       000000
__Hbss                   bss          000000
__HbssBANK0              bssBANK0     000000
__HbssCOMRAM             bssCOMRAM    000000
__Hcinit                 cinit        000000
__Hclrtext               clrtext      000000
__Hcomram                comram       000000
__Hconfig                config       30000E
__Hconst                 const        000000
__HcstackBANK0           cstackBANK0  000000
__HcstackCOMRAM          cstackCOMRAM 000000
__Hdata                  data         000000
__Heeprom_data           eeprom_data  000000
__Hfarbss                farbss       000000
__Hfardata               fardata      000000
__Hibigdata              ibigdata     000000
__Hidata                 idata        000000
__Hidloc                 idloc        200008
__Hifardata              ifardata     000000
__Hinit                  init         000004
__Hintcode               intcode      000000
__Hintcode_body          intcode_body 000000
__Hintcodelo             intcodelo    000000
__Hintentry              intentry     000000
__Hintret                intret       000000
__Hintsave_regs          intsave_regs 000000
__Hirdata                irdata       000000
__Hmediumconst           mediumconst  000000
__HnvFARRAM              nvFARRAM     000000
__Hnvbit                 nvbit        000000
__Hnvrram                nvrram       000000
__Hparam                 rparam       000000
__Hpowerup               powerup      000000
__Hram                   ram          000000
__Hramtop                ramtop       000600
__Hrbit                  rbit         000000
__Hrbss                  rbss         000000
__Hrdata                 rdata        000000
__Hreset_vec             reset_vec    000000
__Hrparam                rparam       000000
__Hsfr                   sfr          000000
__Hsmallconst            smallconst   00061C
__Hspace_0               (abs)        001AAE
__Hspace_1               (abs)        0000BC
__Hspace_2               (abs)        000000
__Hspace_4               (abs)        60000E
__Hstack                 stack        000000
__Hstruct                struct       000000
__Htemp                  temp         000000
__Htext                  text         000000
__Htext0                 text0        000000
__Htext1                 text1        000000
__Htext10                text10       000000
__Htext11                text11       000000
__Htext12                text12       000000
__Htext13                text13       000000
__Htext14                text14       000000
__Htext15                text15       000000
__Htext16                text16       000000
__Htext17                text17       000000
__Htext18                text18       000000
__Htext19                text19       000000
__Htext2                 text2        000000
__Htext20                text20       000000
__Htext21                text21       000000
__Htext22                text22       000000
__Htext23                text23       000000
__Htext24                text24       000000
__Htext3                 text3        000000
__Htext4                 text4        000000
__Htext5                 text5        000000
__Htext6                 text6        000000
__Htext7                 text7        000000
__Htext8                 text8        000000
__Htext9                 text9        000000
__LRAM                   (abs)        000001
__Labs1                  abs1         000000
__Lbank0                 bank0        000000
__Lbank1                 bank1        000000
__Lbank2                 bank2        000000
__Lbank3                 bank3        000000
__Lbank4                 bank4        000000
__Lbank5                 bank5        000000
__Lbigbss                bigbss       000000
__Lbigdata               bigdata      000000
__Lbigram                bigram       000000
__Lbss                   bss          000000
__LbssBANK0              bssBANK0     000000
__LbssCOMRAM             bssCOMRAM    000000
__Lcinit                 cinit        000000
__Lclrtext               clrtext      000000
__Lcomram                comram       000000
__Lconfig                config       000000
__Lconst                 const        000000
__LcstackBANK0           cstackBANK0  000000
__LcstackCOMRAM          cstackCOMRAM 000000
__Ldata                  data         000000
__Leeprom_data           eeprom_data  000000
__Lfarbss                farbss       000000
__Lfardata               fardata      000000
__Libigdata              ibigdata     000000
__Lidata                 idata        000000
__Lidloc                 idloc        000000
__Lifardata              ifardata     000000
__Linit                  init         000000
__Lintcode               intcode      000000
__Lintcode_body          intcode_body 000000
__Lintcodelo             intcodelo    000000
__Lintentry              intentry     000000
__Lintret                intret       000000
__Lintsave_regs          intsave_regs 000000
__Lirdata                irdata       000000
__Lmediumconst           mediumconst  000000
__LnvFARRAM              nvFARRAM     000000
__Lnvbit                 nvbit        000000
__Lnvrram                nvrram       000000
__Lparam                 rparam       000000
__Lpowerup               powerup      000000
__Lram                   ram          000000
__Lramtop                ramtop       000600
__Lrbit                  rbit         000000
__Lrbss                  rbss         000000
__Lrdata                 rdata        000000
__Lreset_vec             reset_vec    000000
__Lrparam                rparam       000000
__Lsfr                   sfr          000000
__Lsmallconst            smallconst   000600
__Lspace_0               (abs)        000000
__Lspace_1               (abs)        000000
__Lspace_2               (abs)        000000
__Lspace_4               (abs)        000000
__Lstack                 stack        000000
__Lstruct                struct       000000
__Ltemp                  temp         000000
__Ltext                  text         000000
__Ltext0                 text0        000000
__Ltext1                 text1        000000
__Ltext10                text10       000000
__Ltext11                text11       000000
__Ltext12                text12       000000
__Ltext13                text13       000000
__Ltext14                text14       000000
__Ltext15                text15       000000
__Ltext16                text16       000000
__Ltext17                text17       000000
__Ltext18                text18       000000
__Ltext19                text19       000000
__Ltext2                 text2        000000
__Ltext20                text20       000000
__Ltext21                text21       000000
__Ltext22                text22       000000
__Ltext23                text23       000000
__Ltext24                text24       000000
__Ltext3                 text3        000000
__Ltext4                 text4        000000
__Ltext5                 text5        000000
__Ltext6                 text6        000000
__Ltext7                 text7        000000
__Ltext8                 text8        000000
__Ltext9                 text9        000000
__S0                     (abs)        001AAE
__S1                     (abs)        0000BC
__S2                     (abs)        000000
__S4                     (abs)        000000
__S5                     (abs)        000000
___aodiv                 text14       00108A
___aodiv@counter         cstackCOMRAM 000011
___aodiv@dividend        cstackCOMRAM 000001
___aodiv@divisor         cstackCOMRAM 000009
___aodiv@quotient        cstackCOMRAM 000013
___aodiv@sign            cstackCOMRAM 000012
___aomod                 text13       001212
___aomod@counter         cstackCOMRAM 000011
___aomod@dividend        cstackCOMRAM 000001
___aomod@divisor         cstackCOMRAM 000009
___aomod@sign            cstackCOMRAM 000012
___flmul                 text17       00061C
___flmul@a               cstackCOMRAM 000013
___flmul@aexp            cstackCOMRAM 000020
___flmul@b               cstackCOMRAM 00000F
___flmul@bexp            cstackCOMRAM 000021
___flmul@grs             cstackCOMRAM 00001C
___flmul@prod            cstackCOMRAM 000022
___flmul@sign            cstackCOMRAM 00001B
___flmul@temp            cstackCOMRAM 000026
___fltol                 text16       0014C0
___fltol@exp1            cstackCOMRAM 000031
___fltol@f1              cstackCOMRAM 000028
___fltol@sign1           cstackCOMRAM 000030
___inthi_sp              stack        000000
___intlo_sp              stack        000000
___param_bank            (abs)        000000
___rparam_used           (abs)        000001
___sp                    stack        000000
___xxtofl                text15       000D24
___xxtofl@arg            cstackCOMRAM 00000B
___xxtofl@exp            cstackCOMRAM 00000A
___xxtofl@sign           cstackCOMRAM 000009
___xxtofl@val            cstackCOMRAM 000001
__accesstop              (abs)        000080
__activetblptr           (abs)        000002
__end_of_ADC_Init        text24       001AAC
__end_of_ADC_Read        text23       0019CA
__end_of_LCD_Char        text20       001A24
__end_of_LCD_Command     text22       001A4E
__end_of_LCD_Init        text21       0019FA
__end_of_LCD_String      text19       00180E
__end_of_LCD_String_xy   text18       001960
__end_of___aodiv         text14       001212
__end_of___aomod         text13       001376
__end_of___flmul         text17       000A46
__end_of___fltol         text16       0015C6
__end_of___xxtofl        text15       000ED8
__end_of__initialization cinit        001A8C
__end_of_abs             text12       001920
__end_of_dtoa            text6        000D24
__end_of_fputc           text10       001690
__end_of_fputs           text9        0018A0
__end_of_main            text0        0014C0
__end_of_pad             text7        001752
__end_of_putch           text11       001AAE
__end_of_sprintf         text3        00185C
__end_of_strcat          text1        001A74
__end_of_strcpy          text2        0018E0
__end_of_strlen          text8        001996
__end_of_vfpfcnvrt       text5        00108A
__end_of_vfprintf        text4        0017B0
__initialization         cinit        001A74
__mediumconst            mediumconst  000000
__pbssBANK0              bssBANK0     000080
__pbssCOMRAM             bssCOMRAM    000067
__pcinit                 cinit        001A74
__pcstackBANK0           cstackBANK0  0000A0
__pcstackCOMRAM          cstackCOMRAM 000001
__psmallconst            smallconst   000600
__ptext0                 text0        001376
__ptext1                 text1        001A4E
__ptext10                text10       0015C6
__ptext11                text11       001AAC
__ptext12                text12       0018E0
__ptext13                text13       001212
__ptext14                text14       00108A
__ptext15                text15       000D24
__ptext16                text16       0014C0
__ptext17                text17       00061C
__ptext18                text18       001920
__ptext19                text19       0017B0
__ptext2                 text2        0018A0
__ptext20                text20       0019FA
__ptext21                text21       0019CA
__ptext22                text22       001A24
__ptext23                text23       001996
__ptext24                text24       001A96
__ptext3                 text3        00180E
__ptext4                 text4        001752
__ptext5                 text5        000ED8
__ptext6                 text6        000A46
__ptext7                 text7        001690
__ptext8                 text8        001960
__ptext9                 text9        00185C
__ramtop                 ramtop       000600
__size_of_ADC_Init       (abs)        000000
__size_of_ADC_Read       (abs)        000000
__size_of_LCD_Char       (abs)        000000
__size_of_LCD_Command    (abs)        000000
__size_of_LCD_Init       (abs)        000000
__size_of_LCD_String     (abs)        000000
__size_of_LCD_String_xy  (abs)        000000
__size_of___aodiv        (abs)        000000
__size_of___aomod        (abs)        000000
__size_of___flmul        (abs)        000000
__size_of___fltol        (abs)        000000
__size_of___xxtofl       (abs)        000000
__size_of_abs            (abs)        000000
__size_of_dtoa           (abs)        000000
__size_of_fputc          (abs)        000000
__size_of_fputs          (abs)        000000
__size_of_main           (abs)        000000
__size_of_pad            (abs)        000000
__size_of_putch          (abs)        000000
__size_of_sprintf        (abs)        000000
__size_of_strcat         (abs)        000000
__size_of_strcpy         (abs)        000000
__size_of_strlen         (abs)        000000
__size_of_vfpfcnvrt      (abs)        000000
__size_of_vfprintf       (abs)        000000
__smallconst             smallconst   000600
_abs                     text12       0018E0
_dbuf                    bssBANK0     000080
_dtoa                    text6        000A46
_dtoa$734                cstackCOMRAM 00002E
_flags                   bssCOMRAM    00006D
_fputc                   text10       0015C6
_fputs                   text9        00185C
_main                    text0        001376
_nout                    bssCOMRAM    000067
_pad                     text7        001690
_prec                    bssCOMRAM    00006B
_putch                   text11       001AAC
_sprintf                 text3        00180E
_strcat                  text1        001A4E
_strcpy                  text2        0018A0
_strlen                  text8        001960
_vfpfcnvrt               text5        000ED8
_vfprintf                text4        001752
_width                   bssCOMRAM    000069
abs@a                    cstackCOMRAM 000013
dtoa@d                   cstackCOMRAM 00001E
dtoa@fp                  cstackCOMRAM 00001C
dtoa@i                   cstackCOMRAM 00003E
dtoa@n                   cstackCOMRAM 000036
dtoa@p                   cstackCOMRAM 000030
dtoa@s                   cstackCOMRAM 000034
dtoa@w                   cstackCOMRAM 000032
end_of_initialization    cinit        001A8C
fputc@c                  cstackCOMRAM 000001
fputc@fp                 cstackCOMRAM 000003
fputs@c                  cstackCOMRAM 00000E
fputs@fp                 cstackCOMRAM 00000C
fputs@i                  cstackCOMRAM 00000F
fputs@s                  cstackCOMRAM 00000A
intlevel0                text         000000
intlevel1                text         000000
intlevel2                text         000000
intlevel3                text         000000
isa$std                  (abs)        000001
isa$xinst                (abs)        000000
main@data                cstackBANK0  0000AA
main@digit               cstackBANK0  0000A0
main@digital             cstackBANK0  0000BA
main@temperature         cstackBANK0  0000B8
main@voltage             cstackBANK0  0000B4
pad@buf                  cstackCOMRAM 000013
pad@fp                   cstackCOMRAM 000011
pad@i                    cstackCOMRAM 000018
pad@p                    cstackCOMRAM 000015
pad@w                    cstackCOMRAM 00001A
sprintf@ap               cstackCOMRAM 00005E
sprintf@f                cstackCOMRAM 000060
sprintf@fmt              cstackCOMRAM 00005A
sprintf@s                cstackCOMRAM 000058
stackhi                  (abs)        0005FF
stacklo                  (abs)        0000BC
start                    init         000000
start_initialization     cinit        001A74
strcat@dest              cstackCOMRAM 00000D
strcat@src               cstackCOMRAM 00000F
strcpy@d                 cstackCOMRAM 00000B
strcpy@dest              cstackCOMRAM 000005
strcpy@s                 cstackCOMRAM 000009
strcpy@src               cstackCOMRAM 000007
strlen@a                 cstackCOMRAM 000003
strlen@s                 cstackCOMRAM 000001
vfpfcnvrt@ap             cstackCOMRAM 000044
vfpfcnvrt@fmt            cstackCOMRAM 000042
vfpfcnvrt@fp             cstackCOMRAM 000040
vfpfcnvrt@ll             cstackCOMRAM 000048
vfprintf@ap              cstackCOMRAM 000054
vfprintf@cfmt            cstackCOMRAM 000056
vfprintf@fmt             cstackCOMRAM 000052
vfprintf@fp              cstackCOMRAM 000050


MODULE INFORMATION

Module		Function		Class		Link	Load	Size
C:\Program Files\Microchip\xc8\v2.32\pic\sources\c99\common\nf_sprintf.c
		_sprintf       		CODE           	180E	0000	78

C:\Program Files\Microchip\xc8\v2.32\pic\sources\c99\common\nf_sprintf.c estimated size: 78

C:\Program Files\Microchip\xc8\v2.32\pic\sources\c99\common\doprnt.c
		_vfpfcnvrt     		CODE           	0ED8	0000	434
		_pad           		CODE           	1690	0000	194
		_dtoa          		CODE           	0A46	0000	734
		_vfprintf      		CODE           	1752	0000	94

C:\Program Files\Microchip\xc8\v2.32\pic\sources\c99\common\doprnt.c estimated size: 1456

C:\Program Files\Microchip\xc8\v2.32\pic\sources\c99\common\nf_fputs.c
		_fputs         		CODE           	185C	0000	68

C:\Program Files\Microchip\xc8\v2.32\pic\sources\c99\common\nf_fputs.c estimated size: 68

C:\Program Files\Microchip\xc8\v2.32\pic\sources\c99\common\putch.c
		_putch         		CODE           	1AAC	0000	2

C:\Program Files\Microchip\xc8\v2.32\pic\sources\c99\common\putch.c estimated size: 2

C:\Program Files\Microchip\xc8\v2.32\pic\sources\c99\common\abs.c
		_abs           		CODE           	18E0	0000	64

C:\Program Files\Microchip\xc8\v2.32\pic\sources\c99\common\abs.c estimated size: 64

C:\Program Files\Microchip\xc8\v2.32\pic\sources\c99\common\aomod.c
		___aomod       		CODE           	1212	0000	356

C:\Program Files\Microchip\xc8\v2.32\pic\sources\c99\common\aomod.c estimated size: 356

shared
		__initialization		CODE           	1A74	0000	24

shared estimated size: 24

C:\Program Files\Microchip\xc8\v2.32\pic\sources\c99\common\sprcmul.c
		___flmul       		CODE           	061C	0000	1066

C:\Program Files\Microchip\xc8\v2.32\pic\sources\c99\common\sprcmul.c estimated size: 1066

C:\Program Files\Microchip\xc8\v2.32\pic\sources\c99\common\strcat.c
		_strcat        		CODE           	1A4E	0000	38

C:\Program Files\Microchip\xc8\v2.32\pic\sources\c99\common\strcat.c estimated size: 38

C:\Program Files\Microchip\xc8\v2.32\pic\sources\c99\common\fltol.c
		___fltol       		CODE           	14C0	0000	262

C:\Program Files\Microchip\xc8\v2.32\pic\sources\c99\common\fltol.c estimated size: 262

C:\Program Files\Microchip\xc8\v2.32\pic\sources\c99\common\xxtofl.c
		___xxtofl      		CODE           	0D24	0000	436

C:\Program Files\Microchip\xc8\v2.32\pic\sources\c99\common\xxtofl.c estimated size: 436

C:\Program Files\Microchip\xc8\v2.32\pic\sources\c99\common\nf_fputc.c
		_fputc         		CODE           	15C6	0000	202

C:\Program Files\Microchip\xc8\v2.32\pic\sources\c99\common\nf_fputc.c estimated size: 202

C:\Program Files\Microchip\xc8\v2.32\pic\sources\c99\common\aodiv.c
		___aodiv       		CODE           	108A	0000	392

C:\Program Files\Microchip\xc8\v2.32\pic\sources\c99\common\aodiv.c estimated size: 392

main.c
		_LCD_String    		CODE           	17B0	0000	94
		_LCD_Init      		CODE           	19CA	0000	48
		_LCD_Command   		CODE           	1A24	0000	42
		_LCD_String_xy 		CODE           	1920	0000	64
		_main          		CODE           	1376	0000	330
		_LCD_Char      		CODE           	19FA	0000	42
		_ADC_Read      		CODE           	1996	0000	52
		_ADC_Init      		CODE           	1A96	0000	22

main.c estimated size: 694

C:\Program Files\Microchip\xc8\v2.32\pic\sources\c99\common\strlen.c
		_strlen        		CODE           	1960	0000	54

C:\Program Files\Microchip\xc8\v2.32\pic\sources\c99\common\strlen.c estimated size: 54

C:\Program Files\Microchip\xc8\v2.32\pic\sources\c99\common\strcpy.c
		_strcpy        		CODE           	18A0	0000	64

C:\Program Files\Microchip\xc8\v2.32\pic\sources\c99\common\strcpy.c estimated size: 64

