Microchip MPLAB XC8 Compiler V2.32

Linker command line:

-W-3 --edf=C:\Program Files\Microchip\xc8\v2.32\pic\dat\en_msgs.txt -cn \
  -h+dist/default/production\DTH22_LCD.X.production.sym \
  --cmf=dist/default/production\DTH22_LCD.X.production.cmf -z -Q18F4520 \
  -oC:\Users\XUAN\AppData\Local\Temp\xcAsdjo.4 --defsym=__MPLAB_BUILD=1 \
  -Mdist/default/production/DTH22_LCD.X.production.map -E1 \
  -ver=XC8 Compiler --acfsm=1493 -ASTACK=0D6h-05FFh -pstack=STACK \
  -ACODE=00h-07FFFh -ACONST=00h-07FFFh -ASMALLCONST=0600h-06FFhx122 \
  -AMEDIUMCONST=0600h-07FFFh -ACOMRAM=01h-07Fh -AABS1=00h-05FFh \
  -ABIGRAM=01h-05FFh -ARAM=080h-0FFh,0100h-01FFhx5 -ABANK0=080h-0FFh \
  -ABANK1=0100h-01FFh -ABANK2=0200h-02FFh -ABANK3=0300h-03FFh \
  -ABANK4=0400h-04FFh -ABANK5=0500h-05FFh -ASFR=0F80h-0FFFh \
  -ACONFIG=0300000h-030000Dh -AIDLOC=0200000h-0200007h \
  -AEEDATA=0F00000h-0F000FFh -peeprom_data=EEDATA \
  -preset_vec=00h,intcode=08h,intcodelo,powerup,init -pramtop=0600h \
  -psmallconst=SMALLCONST -pmediumconst=MEDIUMCONST -pconst=CONST \
  -AFARRAM=00h-00h \
  -prdata=COMRAM,nvrram=COMRAM,nvbit=COMRAM,rbss=COMRAM,rbit=COMRAM \
  -pfarbss=FARRAM,fardata=FARRAM,nvFARRAM=FARRAM \
  -pintsave_regs=BIGRAM,bigbss=BIGRAM,bigdata=BIGRAM -pbss=RAM \
  -pidata=CODE,irdata=CODE,ibigdata=CODE,ifardata=CODE -prparam=COMRAM \
  C:\Users\XUAN\AppData\Local\Temp\xcAsdjo.o \
  dist/default/production\DTH22_LCD.X.production.o 

Object code version is 3.11

Machine type is 18F4520



                Name                               Link     Load   Length Selector   Space Scale
C:\Users\XUAN\AppData\Local\Temp\xcAsdjo.o
                idloc                            200000   200000        8        0       5
                config                           300000   300000        E        0       4
                init                                  E        E        4        4       0
                reset_vec                             0        0        4        0       0
dist/default/production\DTH22_LCD.X.production.o
                intcode                               8        8        6        4       0
                idloc                            200000   200000        8        0       5
                config                           300000   300000        E        0       4
                temp                                 7E       7E        1        1       1
                smallconst                          600      600       46      300       0
                intcode_body                       17B8     17B8       22      323       0
                text24                             135C     135C       94      323       0
                text23                             1766     1766       2C      323       0
                text22                             1692     1692       3A      323       0
                text21                             1468     1468       70      323       0
                text20                             173A     173A       2C      323       0
                text19                             13F0     13F0       78      323       0
                text18                             1658     1658       3A      323       0
                text17                             12C4     12C4       98      323       0
                text16                             17FA     17FA       1E      323       0
                text15                             1792     1792       26      323       0
                text14                             16CC     16CC       38      323       0
                text13                             153A     153A       52      323       0
                text12                              DE4      DE4      190      323       0
                text11                              F74      F74       F0      323       0
                text10                             1064     1064       D0      323       0
                text9                              1818     1818        2      323       0
                text8                              1134     1134       CA      323       0
                text7                              15DA     15DA       44      323       0
                text6                              1704     1704       36      323       0
                text5                              11FE     11FE       C6      323       0
                text4                               BE2      BE2      202      323       0
                text3                               646      646      354      323       0
                text2                              14D8     14D8       62      323       0
                text1                              158C     158C       4E      323       0
                text0                               99A      99A      248      323       0
                cstackCOMRAM                          1        1       7D        1       1
                dataBANK0                            B6       B6       20       80       1
                bssBANK0                             80       80       36       80       1
                cinit                              161E     161E       3A      323       0
                idataBANK0                         17DA     17DA       20      323       0

TOTAL           Name                               Link     Load   Length     Space
        CLASS   STACK          

        CLASS   CODE           
                intcode                               8        8        6         0
                init                                  E        E        4         0
                reset_vec                             0        0        4         0
                intcode_body                       17B8     17B8       22         0
                text24                             135C     135C       94         0
                text23                             1766     1766       2C         0
                text22                             1692     1692       3A         0
                text21                             1468     1468       70         0
                text20                             173A     173A       2C         0
                text19                             13F0     13F0       78         0
                text18                             1658     1658       3A         0
                text17                             12C4     12C4       98         0
                text16                             17FA     17FA       1E         0
                text15                             1792     1792       26         0
                text14                             16CC     16CC       38         0
                text13                             153A     153A       52         0
                text12                              DE4      DE4      190         0
                text11                              F74      F74       F0         0
                text10                             1064     1064       D0         0
                text9                              1818     1818        2         0
                text8                              1134     1134       CA         0
                text7                              15DA     15DA       44         0
                text6                              1704     1704       36         0
                text5                              11FE     11FE       C6         0
                text4                               BE2      BE2      202         0
                text3                               646      646      354         0
                text2                              14D8     14D8       62         0
                text1                              158C     158C       4E         0
                text0                               99A      99A      248         0
                cinit                              161E     161E       3A         0
                idataBANK0                         17DA     17DA       20         0

        CLASS   CONST          

        CLASS   SMALLCONST     
                smallconst                          600      600       46         0

        CLASS   MEDIUMCONST    

        CLASS   COMRAM         
                temp                                 7E       7E        1         1
                cstackCOMRAM                          1        1       7D         1

        CLASS   ABS1           

        CLASS   BIGRAM         

        CLASS   RAM            

        CLASS   BANK0          
                dataBANK0                            B6       B6       20         1
                bssBANK0                             80       80       36         1

        CLASS   BANK1          

        CLASS   BANK2          

        CLASS   BANK3          

        CLASS   BANK4          

        CLASS   BANK5          

        CLASS   SFR            

        CLASS   CONFIG         
                config                           300000   300000        E         4

        CLASS   IDLOC          
                idloc                            200000   200000        8         5

        CLASS   EEDATA         

        CLASS   FARRAM         



SEGMENTS        Name                           Load    Length   Top    Selector   Space  Class

                reset_vec                      000000  000004  000004         0       0  CODE    
                cstackCOMRAM                   000001  00007E  00007F         1       1  COMRAM  
                intcode                        000008  00000A  000012         4       0  CODE    
                bssBANK0                       000080  000056  0000D6        80       1  BANK0   
                smallconst                     000600  000046  000646       300       0  SMALLCON
                text3                          000646  0011D4  00181A       323       0  CODE    


UNUSED ADDRESS RANGES

        Name                Unused          Largest block    Delta
        BANK0            0000D6-0000FF               2A
        BANK1            000100-0001FF              100
        BANK2            000200-0002FF              100
        BANK3            000300-0003FF              100
        BANK4            000400-0004FF              100
        BANK5            000500-0005FF              100
        BIGRAM           00007F-00007F                1
                         0000D6-0005FF              52A
        CODE             000004-000007                4
                         000012-0005FF              5EE
                         00181A-007FFF             67E6
        COMRAM           00007F-00007F                1
        CONST            000004-000007                4
                         000012-0005FF              5EE
                         00181A-007FFF             67E6
        EEDATA           F00000-F000FF              100
        MEDIUMCONST      00181A-007FFF             67E6
        RAM              0000D6-0005FF              100
        SFR              000F80-000FFF               80
        SMALLCONST       00181A-007FFF              100
        STACK            0000D6-0005FF              52A

                                  Symbol Table

?_CheckResponse          cstackCOMRAM 000001
?_ReadByte               cstackCOMRAM 000001
?___lodiv                cstackCOMRAM 000001
?___lomod                cstackCOMRAM 000001
?___wmul                 cstackCOMRAM 000001
?_atoi                   cstackCOMRAM 000008
?_isdigit                cstackCOMRAM 000001
?_isspace                cstackCOMRAM 000001
?_pad                    cstackCOMRAM 000011
?_sprintf                cstackCOMRAM 00005A
?_strlen                 cstackCOMRAM 000001
?_utoa                   cstackCOMRAM 00001C
?_vfpfcnvrt              cstackCOMRAM 00003C
?_vfprintf               cstackCOMRAM 000052
LCDGoto@ln               cstackCOMRAM 000005
LCDGoto@pos              cstackCOMRAM 00000A
LCDPutChar@ch            cstackCOMRAM 000004
LCDPutCmd@ch             cstackCOMRAM 000004
LCDPutStr@i              cstackCOMRAM 000009
LCDPutStr@str            cstackCOMRAM 000005
LCDWriteNibble@ch        cstackCOMRAM 000002
LCDWriteNibble@rs        cstackCOMRAM 000001
ReadByte@i               cstackCOMRAM 000008
ReadByte@num             cstackCOMRAM 000006
_CheckResponse           text24       00135C
_CheckSum                bssBANK0     000092
_GIE                     (abs)        007F97
_H_Byte1                 bssBANK0     00008A
_H_Byte2                 bssBANK0     000088
_LCDGoto                 text21       001468
_LCDGoto$275             cstackCOMRAM 000008
_LCDPutChar              text20       00173A
_LCDPutCmd               text22       001692
_LCDPutStr               text19       0013F0
_LCDWriteNibble          text23       001766
_LCD_initialize          text18       001658
_PEIE                    (abs)        007F96
_PORTAbits               (abs)        000F80
_PORTD                   (abs)        000F83
_PORTDbits               (abs)        000F83
_ReadByte                text17       0012C4
_StartSignal             text16       0017FA
_T2CON                   (abs)        000FCA
_TMR2                    (abs)        000FCC
_TMR2IE                  (abs)        007CE9
_TMR2IF                  (abs)        007CF1
_TMR2ON                  (abs)        007E52
_TOUT                    bssBANK0     000094
_TRISAbits               (abs)        000F92
_TRISD                   (abs)        000F95
_T_Byte1                 bssBANK0     00008E
_T_Byte2                 bssBANK0     00008C
__HRAM                   (abs)        000000
__Habs1                  abs1         000000
__Hbank0                 bank0        000000
__Hbank1                 bank1        000000
__Hbank2                 bank2        000000
__Hbank3                 bank3        000000
__Hbank4                 bank4        000000
__Hbank5                 bank5        000000
__Hbigbss                bigbss       000000
__Hbigdata               bigdata      000000
__Hbigram                bigram       000000
__Hbss                   bss          000000
__HbssBANK0              bssBANK0     000000
__Hcinit                 cinit        000000
__Hclrtext               clrtext      000000
__Hcomram                comram       000000
__Hconfig                config       30000E
__Hconst                 const        000000
__HcstackCOMRAM          cstackCOMRAM 000000
__Hdata                  data         000000
__HdataBANK0             dataBANK0    000000
__Heeprom_data           eeprom_data  000000
__Hfarbss                farbss       000000
__Hfardata               fardata      000000
__Hibigdata              ibigdata     000000
__Hidata                 idata        000000
__HidataBANK0            idataBANK0   000000
__Hidloc                 idloc        200008
__Hifardata              ifardata     000000
__Hinit                  init         000012
__Hintcode               intcode      00000E
__Hintcode_body          intcode_body 000000
__Hintcodelo             intcodelo    00000E
__Hintentry              intentry     000000
__Hintret                intret       000000
__Hintsave_regs          intsave_regs 000000
__Hirdata                irdata       000000
__Hmediumconst           mediumconst  000000
__HnvFARRAM              nvFARRAM     000000
__Hnvbit                 nvbit        000000
__Hnvrram                nvrram       000000
__Hparam                 rparam       000000
__Hpowerup               powerup      00000E
__Hram                   ram          000000
__Hramtop                ramtop       000600
__Hrbit                  rbit         000000
__Hrbss                  rbss         000000
__Hrdata                 rdata        000000
__Hreset_vec             reset_vec    000004
__Hrparam                rparam       000000
__Hsfr                   sfr          000000
__Hsmallconst            smallconst   000646
__Hspace_0               (abs)        00181A
__Hspace_1               (abs)        0000D6
__Hspace_2               (abs)        000000
__Hspace_4               (abs)        60000E
__Hstack                 stack        000000
__Hstruct                struct       000000
__Htemp                  temp         00007F
__Htext                  text         000000
__Htext0                 text0        000000
__Htext1                 text1        000000
__Htext10                text10       000000
__Htext11                text11       000000
__Htext12                text12       000000
__Htext13                text13       000000
__Htext14                text14       000000
__Htext15                text15       000000
__Htext16                text16       000000
__Htext17                text17       000000
__Htext18                text18       000000
__Htext19                text19       000000
__Htext2                 text2        000000
__Htext20                text20       000000
__Htext21                text21       000000
__Htext22                text22       000000
__Htext23                text23       000000
__Htext24                text24       000000
__Htext3                 text3        000000
__Htext4                 text4        000000
__Htext5                 text5        000000
__Htext6                 text6        000000
__Htext7                 text7        000000
__Htext8                 text8        000000
__Htext9                 text9        000000
__LRAM                   (abs)        000001
__Labs1                  abs1         000000
__Lbank0                 bank0        000000
__Lbank1                 bank1        000000
__Lbank2                 bank2        000000
__Lbank3                 bank3        000000
__Lbank4                 bank4        000000
__Lbank5                 bank5        000000
__Lbigbss                bigbss       000000
__Lbigdata               bigdata      000000
__Lbigram                bigram       000000
__Lbss                   bss          000000
__LbssBANK0              bssBANK0     000000
__Lcinit                 cinit        000000
__Lclrtext               clrtext      000000
__Lcomram                comram       000000
__Lconfig                config       000000
__Lconst                 const        000000
__LcstackCOMRAM          cstackCOMRAM 000000
__Ldata                  data         000000
__LdataBANK0             dataBANK0    000000
__Leeprom_data           eeprom_data  000000
__Lfarbss                farbss       000000
__Lfardata               fardata      000000
__Libigdata              ibigdata     000000
__Lidata                 idata        000000
__LidataBANK0            idataBANK0   000000
__Lidloc                 idloc        000000
__Lifardata              ifardata     000000
__Linit                  init         00000E
__Lintcode               intcode      000008
__Lintcode_body          intcode_body 000000
__Lintcodelo             intcodelo    00000E
__Lintentry              intentry     000000
__Lintret                intret       000000
__Lintsave_regs          intsave_regs 000000
__Lirdata                irdata       000000
__Lmediumconst           mediumconst  000000
__LnvFARRAM              nvFARRAM     000000
__Lnvbit                 nvbit        000000
__Lnvrram                nvrram       000000
__Lparam                 rparam       000000
__Lpowerup               powerup      00000E
__Lram                   ram          000000
__Lramtop                ramtop       000600
__Lrbit                  rbit         000000
__Lrbss                  rbss         000000
__Lrdata                 rdata        000000
__Lreset_vec             reset_vec    000000
__Lrparam                rparam       000000
__Lsfr                   sfr          000000
__Lsmallconst            smallconst   000600
__Lspace_0               (abs)        000000
__Lspace_1               (abs)        000000
__Lspace_2               (abs)        000000
__Lspace_4               (abs)        000000
__Lstack                 stack        000000
__Lstruct                struct       000000
__Ltemp                  temp         00007E
__Ltext                  text         000000
__Ltext0                 text0        000000
__Ltext1                 text1        000000
__Ltext10                text10       000000
__Ltext11                text11       000000
__Ltext12                text12       000000
__Ltext13                text13       000000
__Ltext14                text14       000000
__Ltext15                text15       000000
__Ltext16                text16       000000
__Ltext17                text17       000000
__Ltext18                text18       000000
__Ltext19                text19       000000
__Ltext2                 text2        000000
__Ltext20                text20       000000
__Ltext21                text21       000000
__Ltext22                text22       000000
__Ltext23                text23       000000
__Ltext24                text24       000000
__Ltext3                 text3        000000
__Ltext4                 text4        000000
__Ltext5                 text5        000000
__Ltext6                 text6        000000
__Ltext7                 text7        000000
__Ltext8                 text8        000000
__Ltext9                 text9        000000
__S0                     (abs)        00181A
__S1                     (abs)        0000D6
__S2                     (abs)        000000
__S4                     (abs)        000000
__S5                     (abs)        000000
___inthi_sp              stack        000000
___intlo_sp              stack        000000
___lodiv                 text11       000F74
___lodiv@counter         cstackCOMRAM 000019
___lodiv@dividend        cstackCOMRAM 000001
___lodiv@divisor         cstackCOMRAM 000009
___lodiv@quotient        cstackCOMRAM 000011
___lomod                 text10       001064
___lomod@counter         cstackCOMRAM 000011
___lomod@dividend        cstackCOMRAM 000001
___lomod@divisor         cstackCOMRAM 000009
___param_bank            (abs)        000000
___rparam_used           (abs)        000001
___sp                    stack        000000
___wmul                  text15       001792
___wmul@multiplicand     cstackCOMRAM 000003
___wmul@multiplier       cstackCOMRAM 000001
___wmul@product          cstackCOMRAM 000005
__accesstop              (abs)        000080
__activetblptr           (abs)        000002
__end_of_CheckResponse   text24       0013F0
__end_of_LCDGoto         text21       0014D8
__end_of_LCDPutChar      text20       001766
__end_of_LCDPutCmd       text22       0016CC
__end_of_LCDPutStr       text19       001468
__end_of_LCDWriteNibble  text23       001792
__end_of_LCD_initialize  text18       001692
__end_of_ReadByte        text17       00135C
__end_of_StartSignal     text16       001818
__end_of___lodiv         text11       001064
__end_of___lomod         text10       001134
__end_of___wmul          text15       0017B8
__end_of__initialization cinit        00164A
__end_of_atoi            text12       000F74
__end_of_fputc           text8        0011FE
__end_of_fputs           text7        00161E
__end_of_isdigit         text14       001704
__end_of_isspace         text13       00158C
__end_of_main            text0        000BE2
__end_of_pad             text5        0012C4
__end_of_putch           text9        00181A
__end_of_sprintf         text1        0015DA
__end_of_strlen          text6        00173A
__end_of_tc_init         intcode_body 0017DA
__end_of_utoa            text4        000DE4
__end_of_vfpfcnvrt       text3        00099A
__end_of_vfprintf        text2        00153A
__initialization         cinit        00161E
__mediumconst            mediumconst  000000
__pbssBANK0              bssBANK0     000080
__pcinit                 cinit        00161E
__pcstackCOMRAM          cstackCOMRAM 000001
__pdataBANK0             dataBANK0    0000B6
__pidataBANK0            idataBANK0   0017DA
__pintcode               intcode      000008
__pintcode_body          intcode_body 0017B8
__psmallconst            smallconst   000600
__ptext0                 text0        00099A
__ptext1                 text1        00158C
__ptext10                text10       001064
__ptext11                text11       000F74
__ptext12                text12       000DE4
__ptext13                text13       00153A
__ptext14                text14       0016CC
__ptext15                text15       001792
__ptext16                text16       0017FA
__ptext17                text17       0012C4
__ptext18                text18       001658
__ptext19                text19       0013F0
__ptext2                 text2        0014D8
__ptext20                text20       00173A
__ptext21                text21       001468
__ptext22                text22       001692
__ptext23                text23       001766
__ptext24                text24       00135C
__ptext3                 text3        000646
__ptext4                 text4        000BE2
__ptext5                 text5        0011FE
__ptext6                 text6        001704
__ptext7                 text7        0015DA
__ptext8                 text8        001134
__ptext9                 text9        001818
__ramtop                 ramtop       000600
__size_of_CheckResponse  (abs)        000000
__size_of_LCDGoto        (abs)        000000
__size_of_LCDPutChar     (abs)        000000
__size_of_LCDPutCmd      (abs)        000000
__size_of_LCDPutStr      (abs)        000000
__size_of_LCDWriteNibble (abs)        000000
__size_of_LCD_initialize (abs)        000000
__size_of_ReadByte       (abs)        000000
__size_of_StartSignal    (abs)        000000
__size_of___lodiv        (abs)        000000
__size_of___lomod        (abs)        000000
__size_of___wmul         (abs)        000000
__size_of_atoi           (abs)        000000
__size_of_fputc          (abs)        000000
__size_of_fputs          (abs)        000000
__size_of_isdigit        (abs)        000000
__size_of_isspace        (abs)        000000
__size_of_main           (abs)        000000
__size_of_pad            (abs)        000000
__size_of_putch          (abs)        000000
__size_of_sprintf        (abs)        000000
__size_of_strlen         (abs)        000000
__size_of_tc_init        (abs)        000000
__size_of_utoa           (abs)        000000
__size_of_vfpfcnvrt      (abs)        000000
__size_of_vfprintf       (abs)        000000
__smallconst             smallconst   000600
_atoi                    text12       000DE4
_atoi$880                cstackCOMRAM 000010
_atoi$881                cstackCOMRAM 000014
_atoi$882                cstackCOMRAM 000012
_dbuf                    bssBANK0     000096
_flags                   bssBANK0     000086
_fputc                   text8        001134
_fputs                   text7        0015DA
_i                       bssBANK0     000090
_isdigit                 text14       0016CC
_isspace                 text13       00153A
_isspace$898             cstackCOMRAM 000007
_main                    text0        00099A
_message1                dataBANK0    0000C8
_message2                dataBANK0    0000B6
_nout                    bssBANK0     000080
_pad                     text5        0011FE
_prec                    bssBANK0     000084
_putch                   text9        001818
_sprintf                 text1        00158C
_strlen                  text6        001704
_tc_init                 intcode      000008
_utoa                    text4        000BE2
_vfpfcnvrt               text3        000646
_vfpfcnvrt$862           cstackCOMRAM 000050
_vfprintf                text2        0014D8
_width                   bssBANK0     000082
atoi@n                   cstackCOMRAM 000015
atoi@neg                 cstackCOMRAM 00000E
atoi@s                   cstackCOMRAM 000008
btemp                    temp         00007E
end_of_initialization    cinit        00164A
fputc@c                  cstackCOMRAM 000001
fputc@fp                 cstackCOMRAM 000003
fputs@c                  cstackCOMRAM 00000E
fputs@fp                 cstackCOMRAM 00000C
fputs@i                  cstackCOMRAM 00000F
fputs@s                  cstackCOMRAM 00000A
int$flags                temp         00007E
int_func                 intcode_body 0017B8
intlevel0                text         000000
intlevel1                text         000000
intlevel2                text         000000
intlevel3                text         000000
isa$std                  (abs)        000001
isa$xinst                (abs)        000000
isdigit@c                cstackCOMRAM 000001
isspace@c                cstackCOMRAM 000001
main@check               cstackCOMRAM 000076
main@h_buf               cstackCOMRAM 00006C
main@rh                  cstackCOMRAM 000078
main@sign                cstackCOMRAM 00007A
main@temp                cstackCOMRAM 00007C
main@temp_buf            cstackCOMRAM 000071
pad@buf                  cstackCOMRAM 000013
pad@fp                   cstackCOMRAM 000011
pad@i                    cstackCOMRAM 000018
pad@p                    cstackCOMRAM 000015
pad@w                    cstackCOMRAM 00001A
sprintf@ap               cstackCOMRAM 000060
sprintf@f                cstackCOMRAM 000062
sprintf@fmt              cstackCOMRAM 00005C
sprintf@s                cstackCOMRAM 00005A
stackhi                  (abs)        0005FF
stacklo                  (abs)        0000D6
start                    init         00000E
start_initialization     cinit        00161E
strlen@a                 cstackCOMRAM 000003
strlen@s                 cstackCOMRAM 000001
ttemp5                   temp         00007F
ttemp6                   temp         000082
ttemp7                   temp         000086
utoa@d                   cstackCOMRAM 00001E
utoa@fp                  cstackCOMRAM 00001C
utoa@i                   cstackCOMRAM 00003A
utoa@n                   cstackCOMRAM 000032
utoa@p                   cstackCOMRAM 00002E
utoa@w                   cstackCOMRAM 000030
vfpfcnvrt@ap             cstackCOMRAM 000040
vfpfcnvrt@done           cstackCOMRAM 00004E
vfpfcnvrt@fmt            cstackCOMRAM 00003E
vfpfcnvrt@fp             cstackCOMRAM 00003C
vfpfcnvrt@llu            cstackCOMRAM 000046
vfprintf@ap              cstackCOMRAM 000056
vfprintf@cfmt            cstackCOMRAM 000058
vfprintf@fmt             cstackCOMRAM 000054
vfprintf@fp              cstackCOMRAM 000052
wtemp8                   temp         00007F


MODULE INFORMATION

Module		Function		Class		Link	Load	Size
C:\Program Files\Microchip\xc8\v2.32\pic\sources\c99\common\nf_sprintf.c
		_sprintf       		CODE           	158C	0000	78

C:\Program Files\Microchip\xc8\v2.32\pic\sources\c99\common\nf_sprintf.c estimated size: 78

C:\Program Files\Microchip\xc8\v2.32\pic\sources\c99\common\isdigit.c
		_isdigit       		CODE           	16CC	0000	56

C:\Program Files\Microchip\xc8\v2.32\pic\sources\c99\common\isdigit.c estimated size: 56

C:\Program Files\Microchip\xc8\v2.32\pic\sources\c99\common\doprnt.c
		_vfpfcnvrt     		CODE           	0646	0000	852
		_pad           		CODE           	11FE	0000	198
		_vfprintf      		CODE           	14D8	0000	98
		_utoa          		CODE           	0BE2	0000	514

C:\Program Files\Microchip\xc8\v2.32\pic\sources\c99\common\doprnt.c estimated size: 1662

./config.h
		_LCDPutCmd     		CODE           	1692	0000	58
		_LCDPutStr     		CODE           	13F0	0000	120
		_LCDPutChar    		CODE           	173A	0000	44
		_LCDWriteNibble		CODE           	1766	0000	44
		_LCDGoto       		CODE           	1468	0000	112
		_LCD_initialize		CODE           	1658	0000	58

./config.h estimated size: 436

C:\Program Files\Microchip\xc8\v2.32\pic\sources\c99\common\lomod.c
		___lomod       		CODE           	1064	0000	208

C:\Program Files\Microchip\xc8\v2.32\pic\sources\c99\common\lomod.c estimated size: 208

C:\Program Files\Microchip\xc8\v2.32\pic\sources\c99\common\atoi.c
		_atoi          		CODE           	0DE4	0000	400

C:\Program Files\Microchip\xc8\v2.32\pic\sources\c99\common\atoi.c estimated size: 400

C:\Program Files\Microchip\xc8\v2.32\pic\sources\c99\common\nf_fputs.c
		_fputs         		CODE           	15DA	0000	68

C:\Program Files\Microchip\xc8\v2.32\pic\sources\c99\common\nf_fputs.c estimated size: 68

C:\Program Files\Microchip\xc8\v2.32\pic\sources\c99\common\putch.c
		_putch         		CODE           	1818	0000	2

C:\Program Files\Microchip\xc8\v2.32\pic\sources\c99\common\putch.c estimated size: 2

C:\Program Files\Microchip\xc8\v2.32\pic\sources\c99\common\Umul16.c
		___wmul        		CODE           	1792	0000	38

C:\Program Files\Microchip\xc8\v2.32\pic\sources\c99\common\Umul16.c estimated size: 38

C:\Program Files\Microchip\xc8\v2.32\pic\sources\c99\common\isspace.c
		_isspace       		CODE           	153A	0000	82

C:\Program Files\Microchip\xc8\v2.32\pic\sources\c99\common\isspace.c estimated size: 82

C:\Program Files\Microchip\xc8\v2.32\pic\sources\c99\common\lodiv.c
		___lodiv       		CODE           	0F74	0000	240

C:\Program Files\Microchip\xc8\v2.32\pic\sources\c99\common\lodiv.c estimated size: 240

shared
		__initialization		CODE           	161E	0000	44

shared estimated size: 44

main_DHT22_LCD.c
		_CheckResponse 		CODE           	135C	0000	148
		_StartSignal   		CODE           	17FA	0000	30
		_main          		CODE           	099A	0000	584
		_tc_init       		CODE           	0008	0000	40
		_ReadByte      		CODE           	12C4	0000	152

main_DHT22_LCD.c estimated size: 954

C:\Program Files\Microchip\xc8\v2.32\pic\sources\c99\common\nf_fputc.c
		_fputc         		CODE           	1134	0000	202

C:\Program Files\Microchip\xc8\v2.32\pic\sources\c99\common\nf_fputc.c estimated size: 202

C:\Program Files\Microchip\xc8\v2.32\pic\sources\c99\common\strlen.c
		_strlen        		CODE           	1704	0000	54

C:\Program Files\Microchip\xc8\v2.32\pic\sources\c99\common\strlen.c estimated size: 54

