Microchip MPLAB XC8 Compiler V2.32

Linker command line:

-W-3 --edf=C:\Program Files\Microchip\xc8\v2.32\pic\dat\en_msgs.txt -cn \
  -h+dist/default/production\Measurement_Pulse_Width.X.production.sym \
  --cmf=dist/default/production\Measurement_Pulse_Width.X.production.cmf -z \
  -Q18F4520 -oC:\Users\XUAN\AppData\Local\Temp\xcAs4ts.4 \
  --defsym=__MPLAB_BUILD=1 \
  -Mdist/default/production/Measurement_Pulse_Width.X.production.map -E1 \
  -ver=XC8 Compiler --acfsm=1493 -ASTACK=010Eh-05FFh -pstack=STACK \
  -ACODE=00h-07FFFh -ACONST=00h-07FFFh -ASMALLCONST=0600h-06FFhx122 \
  -AMEDIUMCONST=0600h-07FFFh -ACOMRAM=01h-07Fh -AABS1=00h-05FFh \
  -ABIGRAM=01h-05FFh -ARAM=080h-0FFh,0100h-01FFhx5 -ABANK0=080h-0FFh \
  -ABANK1=0100h-01FFh -ABANK2=0200h-02FFh -ABANK3=0300h-03FFh \
  -ABANK4=0400h-04FFh -ABANK5=0500h-05FFh -ASFR=0F80h-0FFFh \
  -ACONFIG=0300000h-030000Dh -AIDLOC=0200000h-0200007h \
  -AEEDATA=0F00000h-0F000FFh -peeprom_data=EEDATA \
  -preset_vec=00h,intcode=08h,intcodelo,powerup,init -pramtop=0600h \
  -psmallconst=SMALLCONST -pmediumconst=MEDIUMCONST -pconst=CONST \
  -AFARRAM=00h-00h \
  -prdata=COMRAM,nvrram=COMRAM,nvbit=COMRAM,rbss=COMRAM,rbit=COMRAM \
  -pfarbss=FARRAM,fardata=FARRAM,nvFARRAM=FARRAM \
  -pintsave_regs=BIGRAM,bigbss=BIGRAM,bigdata=BIGRAM -pbss=RAM \
  -pidata=CODE,irdata=CODE,ibigdata=CODE,ifardata=CODE -prparam=COMRAM \
  C:\Users\XUAN\AppData\Local\Temp\xcAs4ts.o \
  dist/default/production\Measurement_Pulse_Width.X.production.o 

Object code version is 3.11

Machine type is 18F4520



                Name                               Link     Load   Length Selector   Space Scale
C:\Users\XUAN\AppData\Local\Temp\xcAs4ts.o
                idloc                            200000   200000        8        0       5
                config                           300000   300000        E        0       4
                init                                  E        E        4        4       0
                reset_vec                             0        0        4        0       0
dist/default/production\Measurement_Pulse_Width.X.production.o
                intcode                               8        8        6        4       0
                idloc                            200000   200000        8        0       5
                config                           300000   300000        E        0       4
                temp                                 59       59        1        1       1
                smallconst                          600      600       14      300       0
                text27                             1B4E     1B4E      10C      30A       0
                text26                             148A     148A      1B4      30A       0
                intcode_body                       1A3E     1A3E      110      30A       0
                text24                             219E     219E       2A      30A       0
                text23                             2144     2144       30      30A       0
                text22                             2174     2174       2A      30A       0
                text21                             1F58     1F58       5E      30A       0
                text20                             20CE     20CE       40      30A       0
                text19                              A40      A40      39A      30A       0
                text18                              614      614      42C      30A       0
                text17                             1C5A     1C5A      108      30A       0
                text16                             10BC     10BC      216      30A       0
                text15                             2214     2214       20      30A       0
                text14                             163E     163E      18A      30A       0
                text13                             17C8     17C8      164      30A       0
                text12                             208E     208E       40      30A       0
                text11                             2234     2234        2      30A       0
                text10                             1E2C     1E2C       CA      30A       0
                text9                              200A     200A       44      30A       0
                text8                              210E     210E       36      30A       0
                text7                              1D62     1D62       CA      30A       0
                text6                               DDA      DDA      2E2      30A       0
                text5                              12D2     12D2      1B8      30A       0
                text4                              1EF6     1EF6       62      30A       0
                text3                              1FB6     1FB6       54      30A       0
                text2                              204E     204E       40      30A       0
                text1                              21EE     21EE       26      30A       0
                text0                              192C     192C      112      30A       0
                cstackCOMRAM                          1        1       3F        1       1
                cstackBANK0                          80       80       44       80       1
                cstackBANK1                         100      100        E      100       1
                bssBANK0                             C4       C4       3A       80       1
                bssCOMRAM                            40       40       19        1       1
                cinit                              21C8     21C8       26      30A       0

TOTAL           Name                               Link     Load   Length     Space
        CLASS   STACK          

        CLASS   CODE           
                intcode                               8        8        6         0
                init                                  E        E        4         0
                reset_vec                             0        0        4         0
                text27                             1B4E     1B4E      10C         0
                text26                             148A     148A      1B4         0
                intcode_body                       1A3E     1A3E      110         0
                text24                             219E     219E       2A         0
                text23                             2144     2144       30         0
                text22                             2174     2174       2A         0
                text21                             1F58     1F58       5E         0
                text20                             20CE     20CE       40         0
                text19                              A40      A40      39A         0
                text18                              614      614      42C         0
                text17                             1C5A     1C5A      108         0
                text16                             10BC     10BC      216         0
                text15                             2214     2214       20         0
                text14                             163E     163E      18A         0
                text13                             17C8     17C8      164         0
                text12                             208E     208E       40         0
                text11                             2234     2234        2         0
                text10                             1E2C     1E2C       CA         0
                text9                              200A     200A       44         0
                text8                              210E     210E       36         0
                text7                              1D62     1D62       CA         0
                text6                               DDA      DDA      2E2         0
                text5                              12D2     12D2      1B8         0
                text4                              1EF6     1EF6       62         0
                text3                              1FB6     1FB6       54         0
                text2                              204E     204E       40         0
                text1                              21EE     21EE       26         0
                text0                              192C     192C      112         0
                cinit                              21C8     21C8       26         0

        CLASS   CONST          

        CLASS   SMALLCONST     
                smallconst                          600      600       14         0

        CLASS   MEDIUMCONST    

        CLASS   COMRAM         
                temp                                 59       59        1         1
                cstackCOMRAM                          1        1       3F         1
                bssCOMRAM                            40       40       19         1

        CLASS   ABS1           

        CLASS   BIGRAM         

        CLASS   RAM            

        CLASS   BANK0          
                cstackBANK0                          80       80       44         1
                bssBANK0                             C4       C4       3A         1

        CLASS   BANK1          
                cstackBANK1                         100      100        E         1

        CLASS   BANK2          

        CLASS   BANK3          

        CLASS   BANK4          

        CLASS   BANK5          

        CLASS   SFR            

        CLASS   CONFIG         
                config                           300000   300000        E         4

        CLASS   IDLOC          
                idloc                            200000   200000        8         5

        CLASS   EEDATA         

        CLASS   FARRAM         



SEGMENTS        Name                           Load    Length   Top    Selector   Space  Class

                reset_vec                      000000  000004  000004         0       0  CODE    
                cstackCOMRAM                   000001  000059  00005A         1       1  COMRAM  
                intcode                        000008  00000A  000012         4       0  CODE    
                cstackBANK0                    000080  00007E  0000FE        80       1  BANK0   
                cstackBANK1                    000100  00000E  00010E       100       1  BANK1   
                smallconst                     000600  000014  000614       300       0  SMALLCON
                text18                         000614  001C22  002236       30A       0  CODE    


UNUSED ADDRESS RANGES

        Name                Unused          Largest block    Delta
        BANK0            0000FE-0000FF                2
        BANK1            00010E-0001FF               F2
        BANK2            000200-0002FF              100
        BANK3            000300-0003FF              100
        BANK4            000400-0004FF              100
        BANK5            000500-0005FF              100
        BIGRAM           00005A-00007F               26
                         0000FE-0000FF                2
                         00010E-0005FF              4F2
        CODE             000004-000007                4
                         000012-0005FF              5EE
                         002236-007FFF             5DCA
        COMRAM           00005A-00007F               26
        CONST            000004-000007                4
                         000012-0005FF              5EE
                         002236-007FFF             5DCA
        EEDATA           F00000-F000FF              100
        MEDIUMCONST      002236-007FFF             5DCA
        RAM              0000FE-0000FF                2
                         00010E-0005FF              100
        SFR              000F80-000FFF               80
        SMALLCONST       002236-007FFF              100
        STACK            00010E-0005FF              4F2

                                  Symbol Table

?___aldiv                cstackCOMRAM 000001
?___aodiv                cstackCOMRAM 000027
?___aomod                cstackCOMRAM 000027
?___fldiv                cstackCOMRAM 000027
?___flmul                cstackBANK0  000080
?___fltol                cstackBANK0  0000AD
?___xxtofl               cstackCOMRAM 00000F
?_abs                    cstackCOMRAM 000039
?_dtoa                   cstackBANK0  00008A
?_floorf                 cstackBANK0  000099
?_pad                    cstackCOMRAM 000037
?_sprintf                cstackBANK1  000100
?_strlen                 cstackCOMRAM 000027
?_vfpfcnvrt              cstackBANK0  0000AE
?_vfprintf               cstackBANK0  0000BC
LCD_Char@dat             cstackCOMRAM 000028
LCD_Command@cmd          cstackCOMRAM 000028
LCD_String@msg           cstackCOMRAM 000029
LCD_String_xy@location   cstackCOMRAM 00002F
LCD_String_xy@msg        cstackCOMRAM 00002C
LCD_String_xy@pos        cstackCOMRAM 00002B
LCD_String_xy@row        cstackCOMRAM 00002E
_CCP1CON                 (abs)        000FBD
_CCP2CON                 (abs)        000FBA
_INTCONbits              (abs)        000FF2
_INTERRUPT               intcode      000008
_LCD_Char                text22       002174
_LCD_Command             text24       00219E
_LCD_Init                text23       002144
_LCD_String              text21       001F58
_LCD_String_xy           text20       0020CE
_MPH                     bssCOMRAM    000051
_PIE1bits                (abs)        000F9D
_PIE2bits                (abs)        000FA0
_PIR1bits                (abs)        000F9E
_PIR2bits                (abs)        000FA1
_PORTB                   (abs)        000F81
_PORTDbits               (abs)        000F83
_T1CON                   (abs)        000FCD
_T1CONbits               (abs)        000FCD
_TMR1H                   (abs)        000FCF
_TMR1L                   (abs)        000FCE
_TRISB                   (abs)        000F93
_TRISCbits               (abs)        000F94
_TRISD                   (abs)        000F95
__HRAM                   (abs)        000000
__Habs1                  abs1         000000
__Hbank0                 bank0        000000
__Hbank1                 bank1        000000
__Hbank2                 bank2        000000
__Hbank3                 bank3        000000
__Hbank4                 bank4        000000
__Hbank5                 bank5        000000
__Hbigbss                bigbss       000000
__Hbigdata               bigdata      000000
__Hbigram                bigram       000000
__Hbss                   bss          000000
__HbssBANK0              bssBANK0     000000
__HbssCOMRAM             bssCOMRAM    000000
__Hcinit                 cinit        000000
__Hclrtext               clrtext      000000
__Hcomram                comram       000000
__Hconfig                config       30000E
__Hconst                 const        000000
__HcstackBANK0           cstackBANK0  000000
__HcstackBANK1           cstackBANK1  000000
__HcstackCOMRAM          cstackCOMRAM 000000
__Hdata                  data         000000
__Heeprom_data           eeprom_data  000000
__Hfarbss                farbss       000000
__Hfardata               fardata      000000
__Hibigdata              ibigdata     000000
__Hidata                 idata        000000
__Hidloc                 idloc        200008
__Hifardata              ifardata     000000
__Hinit                  init         000012
__Hintcode               intcode      00000E
__Hintcode_body          intcode_body 000000
__Hintcodelo             intcodelo    00000E
__Hintentry              intentry     000000
__Hintret                intret       000000
__Hintsave_regs          intsave_regs 000000
__Hirdata                irdata       000000
__Hmediumconst           mediumconst  000000
__HnvFARRAM              nvFARRAM     000000
__Hnvbit                 nvbit        000000
__Hnvrram                nvrram       000000
__Hparam                 rparam       000000
__Hpowerup               powerup      00000E
__Hram                   ram          000000
__Hramtop                ramtop       000600
__Hrbit                  rbit         000000
__Hrbss                  rbss         000000
__Hrdata                 rdata        000000
__Hreset_vec             reset_vec    000004
__Hrparam                rparam       000000
__Hsfr                   sfr          000000
__Hsmallconst            smallconst   000614
__Hspace_0               (abs)        002236
__Hspace_1               (abs)        00010E
__Hspace_2               (abs)        000000
__Hspace_4               (abs)        60000E
__Hstack                 stack        000000
__Hstruct                struct       000000
__Htemp                  temp         00005A
__Htext                  text         000000
__Htext0                 text0        000000
__Htext1                 text1        000000
__Htext10                text10       000000
__Htext11                text11       000000
__Htext12                text12       000000
__Htext13                text13       000000
__Htext14                text14       000000
__Htext15                text15       000000
__Htext16                text16       000000
__Htext17                text17       000000
__Htext18                text18       000000
__Htext19                text19       000000
__Htext2                 text2        000000
__Htext20                text20       000000
__Htext21                text21       000000
__Htext22                text22       000000
__Htext23                text23       000000
__Htext24                text24       000000
__Htext26                text26       000000
__Htext27                text27       000000
__Htext3                 text3        000000
__Htext4                 text4        000000
__Htext5                 text5        000000
__Htext6                 text6        000000
__Htext7                 text7        000000
__Htext8                 text8        000000
__Htext9                 text9        000000
__LRAM                   (abs)        000001
__Labs1                  abs1         000000
__Lbank0                 bank0        000000
__Lbank1                 bank1        000000
__Lbank2                 bank2        000000
__Lbank3                 bank3        000000
__Lbank4                 bank4        000000
__Lbank5                 bank5        000000
__Lbigbss                bigbss       000000
__Lbigdata               bigdata      000000
__Lbigram                bigram       000000
__Lbss                   bss          000000
__LbssBANK0              bssBANK0     000000
__LbssCOMRAM             bssCOMRAM    000000
__Lcinit                 cinit        000000
__Lclrtext               clrtext      000000
__Lcomram                comram       000000
__Lconfig                config       000000
__Lconst                 const        000000
__LcstackBANK0           cstackBANK0  000000
__LcstackBANK1           cstackBANK1  000000
__LcstackCOMRAM          cstackCOMRAM 000000
__Ldata                  data         000000
__Leeprom_data           eeprom_data  000000
__Lfarbss                farbss       000000
__Lfardata               fardata      000000
__Libigdata              ibigdata     000000
__Lidata                 idata        000000
__Lidloc                 idloc        000000
__Lifardata              ifardata     000000
__Linit                  init         00000E
__Lintcode               intcode      000008
__Lintcode_body          intcode_body 000000
__Lintcodelo             intcodelo    00000E
__Lintentry              intentry     000000
__Lintret                intret       000000
__Lintsave_regs          intsave_regs 000000
__Lirdata                irdata       000000
__Lmediumconst           mediumconst  000000
__LnvFARRAM              nvFARRAM     000000
__Lnvbit                 nvbit        000000
__Lnvrram                nvrram       000000
__Lparam                 rparam       000000
__Lpowerup               powerup      00000E
__Lram                   ram          000000
__Lramtop                ramtop       000600
__Lrbit                  rbit         000000
__Lrbss                  rbss         000000
__Lrdata                 rdata        000000
__Lreset_vec             reset_vec    000000
__Lrparam                rparam       000000
__Lsfr                   sfr          000000
__Lsmallconst            smallconst   000600
__Lspace_0               (abs)        000000
__Lspace_1               (abs)        000000
__Lspace_2               (abs)        000000
__Lspace_4               (abs)        000000
__Lstack                 stack        000000
__Lstruct                struct       000000
__Ltemp                  temp         000059
__Ltext                  text         000000
__Ltext0                 text0        000000
__Ltext1                 text1        000000
__Ltext10                text10       000000
__Ltext11                text11       000000
__Ltext12                text12       000000
__Ltext13                text13       000000
__Ltext14                text14       000000
__Ltext15                text15       000000
__Ltext16                text16       000000
__Ltext17                text17       000000
__Ltext18                text18       000000
__Ltext19                text19       000000
__Ltext2                 text2        000000
__Ltext20                text20       000000
__Ltext21                text21       000000
__Ltext22                text22       000000
__Ltext23                text23       000000
__Ltext24                text24       000000
__Ltext26                text26       000000
__Ltext27                text27       000000
__Ltext3                 text3        000000
__Ltext4                 text4        000000
__Ltext5                 text5        000000
__Ltext6                 text6        000000
__Ltext7                 text7        000000
__Ltext8                 text8        000000
__Ltext9                 text9        000000
__S0                     (abs)        002236
__S1                     (abs)        00010E
__S2                     (abs)        000000
__S4                     (abs)        000000
__S5                     (abs)        000000
___aldiv                 text27       001B4E
___aldiv@counter         cstackCOMRAM 000009
___aldiv@dividend        cstackCOMRAM 000001
___aldiv@divisor         cstackCOMRAM 000005
___aldiv@quotient        cstackCOMRAM 00000B
___aldiv@sign            cstackCOMRAM 00000A
___aodiv                 text14       00163E
___aodiv@counter         cstackBANK0  000080
___aodiv@dividend        cstackCOMRAM 000027
___aodiv@divisor         cstackCOMRAM 00002F
___aodiv@quotient        cstackBANK0  000082
___aodiv@sign            cstackBANK0  000081
___aomod                 text13       0017C8
___aomod@counter         cstackCOMRAM 000037
___aomod@dividend        cstackCOMRAM 000027
___aomod@divisor         cstackCOMRAM 00002F
___aomod@sign            cstackCOMRAM 000038
___fldiv                 text19       000A40
___fldiv@a               cstackCOMRAM 00002B
___fldiv@aexp            cstackCOMRAM 00003F
___fldiv@b               cstackCOMRAM 000027
___fldiv@bexp            cstackCOMRAM 00003E
___fldiv@grs             cstackCOMRAM 00003A
___fldiv@new_exp         cstackCOMRAM 000038
___fldiv@rem             cstackCOMRAM 000033
___fldiv@sign            cstackCOMRAM 000037
___flmul                 text18       000614
___flmul@a               cstackBANK0  000084
___flmul@aexp            cstackBANK0  00008D
___flmul@b               cstackBANK0  000080
___flmul@bexp            cstackBANK0  000092
___flmul@grs             cstackBANK0  00008E
___flmul@prod            cstackBANK0  000093
___flmul@sign            cstackBANK0  00008C
___flmul@temp            cstackBANK0  000097
___fltol                 text17       001C5A
___fltol@exp1            cstackBANK0  0000B6
___fltol@f1              cstackBANK0  0000AD
___fltol@sign1           cstackBANK0  0000B5
___inthi_sp              stack        000000
___intlo_sp              stack        000000
___param_bank            (abs)        000000
___rparam_used           (abs)        000001
___sp                    stack        000000
___xxtofl                text26       00148A
___xxtofl@arg            cstackCOMRAM 000019
___xxtofl@exp            cstackCOMRAM 000018
___xxtofl@sign           cstackCOMRAM 000017
___xxtofl@val            cstackCOMRAM 00000F
__accesstop              (abs)        000080
__activetblptr           (abs)        000002
__end_of_INTERRUPT       intcode_body 001B4E
__end_of_LCD_Char        text22       00219E
__end_of_LCD_Command     text24       0021C8
__end_of_LCD_Init        text23       002174
__end_of_LCD_String      text21       001FB6
__end_of_LCD_String_xy   text20       00210E
__end_of___aldiv         text27       001C5A
__end_of___aodiv         text14       0017C8
__end_of___aomod         text13       00192C
__end_of___fldiv         text19       000DDA
__end_of___flmul         text18       000A40
__end_of___fltol         text17       001D62
__end_of___xxtofl        text26       00163E
__end_of__initialization cinit        0021E0
__end_of_abs             text12       0020CE
__end_of_dtoa            text6        0010BC
__end_of_floorf          text16       0012D2
__end_of_fputc           text10       001EF6
__end_of_fputs           text9        00204E
__end_of_hardwareInit    text15       002234
__end_of_main            text0        001A3E
__end_of_pad             text7        001E2C
__end_of_putch           text11       002236
__end_of_sprintf         text3        00200A
__end_of_strcat          text1        002214
__end_of_strcpy          text2        00208E
__end_of_strlen          text8        002144
__end_of_vfpfcnvrt       text5        00148A
__end_of_vfprintf        text4        001F58
__initialization         cinit        0021C8
__mediumconst            mediumconst  000000
__pbssBANK0              bssBANK0     0000C4
__pbssCOMRAM             bssCOMRAM    000040
__pcinit                 cinit        0021C8
__pcstackBANK0           cstackBANK0  000080
__pcstackBANK1           cstackBANK1  000100
__pcstackCOMRAM          cstackCOMRAM 000001
__pintcode               intcode      000008
__pintcode_body          intcode_body 001A3E
__psmallconst            smallconst   000600
__ptext0                 text0        00192C
__ptext1                 text1        0021EE
__ptext10                text10       001E2C
__ptext11                text11       002234
__ptext12                text12       00208E
__ptext13                text13       0017C8
__ptext14                text14       00163E
__ptext15                text15       002214
__ptext16                text16       0010BC
__ptext17                text17       001C5A
__ptext18                text18       000614
__ptext19                text19       000A40
__ptext2                 text2        00204E
__ptext20                text20       0020CE
__ptext21                text21       001F58
__ptext22                text22       002174
__ptext23                text23       002144
__ptext24                text24       00219E
__ptext26                text26       00148A
__ptext27                text27       001B4E
__ptext3                 text3        001FB6
__ptext4                 text4        001EF6
__ptext5                 text5        0012D2
__ptext6                 text6        000DDA
__ptext7                 text7        001D62
__ptext8                 text8        00210E
__ptext9                 text9        00200A
__ramtop                 ramtop       000600
__size_of_INTERRUPT      (abs)        000000
__size_of_LCD_Char       (abs)        000000
__size_of_LCD_Command    (abs)        000000
__size_of_LCD_Init       (abs)        000000
__size_of_LCD_String     (abs)        000000
__size_of_LCD_String_xy  (abs)        000000
__size_of___aldiv        (abs)        000000
__size_of___aodiv        (abs)        000000
__size_of___aomod        (abs)        000000
__size_of___fldiv        (abs)        000000
__size_of___flmul        (abs)        000000
__size_of___fltol        (abs)        000000
__size_of___xxtofl       (abs)        000000
__size_of_abs            (abs)        000000
__size_of_dtoa           (abs)        000000
__size_of_floorf         (abs)        000000
__size_of_fputc          (abs)        000000
__size_of_fputs          (abs)        000000
__size_of_hardwareInit   (abs)        000000
__size_of_main           (abs)        000000
__size_of_pad            (abs)        000000
__size_of_putch          (abs)        000000
__size_of_sprintf        (abs)        000000
__size_of_strcat         (abs)        000000
__size_of_strcpy         (abs)        000000
__size_of_strlen         (abs)        000000
__size_of_vfpfcnvrt      (abs)        000000
__size_of_vfprintf       (abs)        000000
__smallconst             smallconst   000600
_abs                     text12       00208E
_data                    bssCOMRAM    00004A
_dbuf                    bssBANK0     0000CA
_doub                    bssCOMRAM    000046
_dtoa                    text6        000DDA
_dtoa$993                cstackBANK0  00009C
_flags                   bssCOMRAM    000044
_floorf                  text16       0010BC
_fputc                   text10       001E2C
_fputs                   text9        00200A
_hardwareInit            text15       002214
_i                       bssCOMRAM    000048
_main                    text0        00192C
_nout                    bssBANK0     0000C8
_pad                     text7        001D62
_periodData              bssBANK0     0000EA
_prec                    bssCOMRAM    000042
_putch                   text11       002234
_sprintf                 text3        001FB6
_strcat                  text1        0021EE
_strcpy                  text2        00204E
_strlen                  text8        00210E
_t2                      bssCOMRAM    000055
_vfpfcnvrt               text5        0012D2
_vfprintf                text4        001EF6
_width                   bssCOMRAM    000040
abs@a                    cstackCOMRAM 000039
btemp                    temp         000059
dtoa@d                   cstackBANK0  00008C
dtoa@fp                  cstackBANK0  00008A
dtoa@i                   cstackBANK0  0000AC
dtoa@n                   cstackBANK0  0000A4
dtoa@p                   cstackBANK0  00009E
dtoa@s                   cstackBANK0  0000A2
dtoa@w                   cstackBANK0  0000A0
end_of_initialization    cinit        0021E0
floorf@F527              bssBANK0     0000C4
floorf@e                 cstackBANK0  0000A7
floorf@m                 cstackBANK0  0000A3
floorf@u                 cstackBANK0  0000A9
floorf@x                 cstackBANK0  000099
fputc@c                  cstackCOMRAM 000027
fputc@fp                 cstackCOMRAM 000029
fputs@c                  cstackCOMRAM 000034
fputs@fp                 cstackCOMRAM 000032
fputs@i                  cstackCOMRAM 000035
fputs@s                  cstackCOMRAM 000030
int$flags                temp         000059
int_func                 intcode_body 001A3E
intlevel0                text         000000
intlevel1                text         000000
intlevel2                text         000000
intlevel3                text         000000
isa$std                  (abs)        000001
isa$xinst                (abs)        000000
pad@buf                  cstackCOMRAM 000039
pad@fp                   cstackCOMRAM 000037
pad@i                    cstackBANK0  000080
pad@p                    cstackCOMRAM 00003B
pad@w                    cstackBANK0  000082
sprintf@ap               cstackBANK1  000106
sprintf@f                cstackBANK1  000108
sprintf@fmt              cstackBANK1  000102
sprintf@s                cstackBANK1  000100
stackhi                  (abs)        0005FF
stacklo                  (abs)        00010E
start                    init         00000E
start_initialization     cinit        0021C8
strcat@dest              cstackCOMRAM 000033
strcat@src               cstackCOMRAM 000035
strcpy@d                 cstackCOMRAM 000031
strcpy@dest              cstackCOMRAM 00002B
strcpy@s                 cstackCOMRAM 00002F
strcpy@src               cstackCOMRAM 00002D
strlen@a                 cstackCOMRAM 000029
strlen@s                 cstackCOMRAM 000027
ttemp5                   temp         00005A
ttemp6                   temp         00005D
ttemp7                   temp         000061
vfpfcnvrt@ap             cstackBANK0  0000B2
vfpfcnvrt@fmt            cstackBANK0  0000B0
vfpfcnvrt@fp             cstackBANK0  0000AE
vfpfcnvrt@ll             cstackBANK0  0000B4
vfprintf@ap              cstackBANK0  0000C0
vfprintf@cfmt            cstackBANK0  0000C2
vfprintf@fmt             cstackBANK0  0000BE
vfprintf@fp              cstackBANK0  0000BC
wtemp8                   temp         00005A


MODULE INFORMATION

Module		Function		Class		Link	Load	Size
C:\Program Files\Microchip\xc8\v2.32\pic\sources\c99\common\nf_sprintf.c
		_sprintf       		CODE           	1FB6	0000	84

C:\Program Files\Microchip\xc8\v2.32\pic\sources\c99\common\nf_sprintf.c estimated size: 84

C:\Program Files\Microchip\xc8\v2.32\pic\sources\c99\common\aldiv.c
		___aldiv       		CODE           	1B4E	0000	268

C:\Program Files\Microchip\xc8\v2.32\pic\sources\c99\common\aldiv.c estimated size: 268

C:\Program Files\Microchip\xc8\v2.32\pic\sources\c99\common\doprnt.c
		_vfpfcnvrt     		CODE           	12D2	0000	440
		_pad           		CODE           	1D62	0000	202
		_dtoa          		CODE           	0DDA	0000	738
		_vfprintf      		CODE           	1EF6	0000	98

C:\Program Files\Microchip\xc8\v2.32\pic\sources\c99\common\doprnt.c estimated size: 1478

C:\Program Files\Microchip\xc8\v2.32\pic\sources\c99\common\nf_fputs.c
		_fputs         		CODE           	200A	0000	68

C:\Program Files\Microchip\xc8\v2.32\pic\sources\c99\common\nf_fputs.c estimated size: 68

C:\Program Files\Microchip\xc8\v2.32\pic\sources\c99\common\putch.c
		_putch         		CODE           	2234	0000	2

C:\Program Files\Microchip\xc8\v2.32\pic\sources\c99\common\putch.c estimated size: 2

C:\Program Files\Microchip\xc8\v2.32\pic\sources\c99\common\abs.c
		_abs           		CODE           	208E	0000	64

C:\Program Files\Microchip\xc8\v2.32\pic\sources\c99\common\abs.c estimated size: 64

C:\Program Files\Microchip\xc8\v2.32\pic\sources\c99\common\aomod.c
		___aomod       		CODE           	17C8	0000	356

C:\Program Files\Microchip\xc8\v2.32\pic\sources\c99\common\aomod.c estimated size: 356

shared
		__initialization		CODE           	21C8	0000	24

shared estimated size: 24

C:\Program Files\Microchip\xc8\v2.32\pic\sources\c99\common\sprcmul.c
		___flmul       		CODE           	0614	0000	1068

C:\Program Files\Microchip\xc8\v2.32\pic\sources\c99\common\sprcmul.c estimated size: 1068

C:\Program Files\Microchip\xc8\v2.32\pic\sources\c99\common\sprcdiv.c
		___fldiv       		CODE           	0A40	0000	922

C:\Program Files\Microchip\xc8\v2.32\pic\sources\c99\common\sprcdiv.c estimated size: 922

./config_and_LCD.h
		_LCD_String    		CODE           	1F58	0000	94
		_LCD_Init      		CODE           	2144	0000	48
		_LCD_Command   		CODE           	219E	0000	42
		_LCD_String_xy 		CODE           	20CE	0000	64
		_LCD_Char      		CODE           	2174	0000	42

./config_and_LCD.h estimated size: 290

C:\Program Files\Microchip\xc8\v2.32\pic\sources\c99\common\strcat.c
		_strcat        		CODE           	21EE	0000	38

C:\Program Files\Microchip\xc8\v2.32\pic\sources\c99\common\strcat.c estimated size: 38

C:\Program Files\Microchip\xc8\v2.32\pic\sources\c99\common\fltol.c
		___fltol       		CODE           	1C5A	0000	264

C:\Program Files\Microchip\xc8\v2.32\pic\sources\c99\common\fltol.c estimated size: 264

C:\Program Files\Microchip\xc8\v2.32\pic\sources\c99\common\xxtofl.c
		___xxtofl      		CODE           	148A	0000	436

C:\Program Files\Microchip\xc8\v2.32\pic\sources\c99\common\xxtofl.c estimated size: 436

C:\Program Files\Microchip\xc8\v2.32\pic\sources\c99\common\nf_fputc.c
		_fputc         		CODE           	1E2C	0000	202

C:\Program Files\Microchip\xc8\v2.32\pic\sources\c99\common\nf_fputc.c estimated size: 202

C:\Program Files\Microchip\xc8\v2.32\pic\sources\c99\common\aodiv.c
		___aodiv       		CODE           	163E	0000	394

C:\Program Files\Microchip\xc8\v2.32\pic\sources\c99\common\aodiv.c estimated size: 394

main.c
		_hardwareInit  		CODE           	2214	0000	32
		_main          		CODE           	192C	0000	274
		_INTERRUPT     		CODE           	0008	0000	278

main.c estimated size: 584

C:\Program Files\Microchip\xc8\v2.32\pic\sources\c99\common\strlen.c
		_strlen        		CODE           	210E	0000	54

C:\Program Files\Microchip\xc8\v2.32\pic\sources\c99\common\strlen.c estimated size: 54

C:\Program Files\Microchip\xc8\v2.32\pic\sources\c99\common\floorf.c
		_floorf        		CODE           	10BC	0000	534

C:\Program Files\Microchip\xc8\v2.32\pic\sources\c99\common\floorf.c estimated size: 534

C:\Program Files\Microchip\xc8\v2.32\pic\sources\c99\common\strcpy.c
		_strcpy        		CODE           	204E	0000	64

C:\Program Files\Microchip\xc8\v2.32\pic\sources\c99\common\strcpy.c estimated size: 64

