Microchip MPLAB XC8 Compiler V2.32

Linker command line:

-W-3 --edf=C:\Program Files\Microchip\xc8\v2.32\pic\dat\en_msgs.txt -cn \
  -h+dist/default/production\hc595.X.production.sym \
  --cmf=dist/default/production\hc595.X.production.cmf -z -Q18F4520 \
  -oC:\Users\XUAN\AppData\Local\Temp\xcAsdus.4 --defsym=__MPLAB_BUILD=1 \
  -Mdist/default/production/hc595.X.production.map -E1 -ver=XC8 Compiler \
  --acfsm=1493 -ASTACK=080h-05FFh -pstack=STACK -ACODE=00h-07FFFh \
  -ACONST=00h-07FFFh -ASMALLCONST=0600h-06FFhx122 \
  -AMEDIUMCONST=0600h-07FFFh -ACOMRAM=01h-07Fh -AABS1=00h-05FFh \
  -ABIGRAM=01h-05FFh -ARAM=080h-0FFh,0100h-01FFhx5 -ABANK0=080h-0FFh \
  -ABANK1=0100h-01FFh -ABANK2=0200h-02FFh -ABANK3=0300h-03FFh \
  -ABANK4=0400h-04FFh -ABANK5=0500h-05FFh -ASFR=0F80h-0FFFh \
  -ACONFIG=0300000h-030000Dh -AIDLOC=0200000h-0200007h \
  -AEEDATA=0F00000h-0F000FFh -peeprom_data=EEDATA \
  -preset_vec=00h,intcode,intcodelo,powerup,init -pramtop=0600h \
  -psmallconst=SMALLCONST -pmediumconst=MEDIUMCONST -pconst=CONST \
  -AFARRAM=00h-00h \
  -prdata=COMRAM,nvrram=COMRAM,nvbit=COMRAM,rbss=COMRAM,rbit=COMRAM \
  -pfarbss=FARRAM,fardata=FARRAM,nvFARRAM=FARRAM \
  -pintsave_regs=BIGRAM,bigbss=BIGRAM,bigdata=BIGRAM -pbss=RAM \
  -pidata=CODE,irdata=CODE,ibigdata=CODE,ifardata=CODE -prparam=COMRAM \
  C:\Users\XUAN\AppData\Local\Temp\xcAsdus.o \
  dist/default/production\hc595.X.production.o 

Object code version is 3.11

Machine type is 18F4520



                Name                               Link     Load   Length Selector   Space Scale
C:\Users\XUAN\AppData\Local\Temp\xcAsdus.o
                idloc                            200000   200000        8        0       5
                config                           300000   300000        E        0       4
                init                                  0        0        4        0       0
dist/default/production\hc595.X.production.o
                idloc                            200000   200000        8        0       5
                config                           300000   300000        E        0       4
                text7                              7CD2     7CD2        E     3E69       0
                text6                              7CE0     7CE0        E     3E70       0
                text5                              7DE4     7DE4       A8     3EF2       0
                text4                              7CEE     7CEE       18     3E77       0
                text3                              7D06     7D06       18     3E83       0
                text2                              7F3C     7F3C       C4     3F9E       0
                text1                              7E8C     7E8C       B0     3F46       0
                text0                              7D44     7D44       A0     3EA2       0
                cstackCOMRAM                          1        1       14        1       1
                dataCOMRAM                           15       15        A        1       1
                cinit                              7D1E     7D1E       26     3E8F       0
                idataCOMRAM                        7CC8     7CC8        A     7CC8       0

TOTAL           Name                               Link     Load   Length     Space
        CLASS   STACK          

        CLASS   CODE           
                init                                  0        0        4         0
                text7                              7CD2     7CD2        E         0
                text6                              7CE0     7CE0        E         0
                text5                              7DE4     7DE4       A8         0
                text4                              7CEE     7CEE       18         0
                text3                              7D06     7D06       18         0
                text2                              7F3C     7F3C       C4         0
                text1                              7E8C     7E8C       B0         0
                text0                              7D44     7D44       A0         0
                cinit                              7D1E     7D1E       26         0
                idataCOMRAM                        7CC8     7CC8        A         0

        CLASS   CONST          

        CLASS   SMALLCONST     

        CLASS   MEDIUMCONST    

        CLASS   COMRAM         
                cstackCOMRAM                          1        1       14         1
                dataCOMRAM                           15       15        A         1

        CLASS   ABS1           

        CLASS   BIGRAM         

        CLASS   RAM            

        CLASS   BANK0          

        CLASS   BANK1          

        CLASS   BANK2          

        CLASS   BANK3          

        CLASS   BANK4          

        CLASS   BANK5          

        CLASS   SFR            

        CLASS   CONFIG         
                config                           300000   300000        E         4

        CLASS   IDLOC          
                idloc                            200000   200000        8         5

        CLASS   EEDATA         

        CLASS   FARRAM         



SEGMENTS        Name                           Load    Length   Top    Selector   Space  Class

                reset_vec                      000000  000004  000004         0       0  CODE    
                cstackCOMRAM                   000001  00001E  00001F         1       1  COMRAM  
                idataCOMRAM                    007CC8  00000A  007CD2      7CC8       0  CODE    
                text7                          007CD2  00000E  007CE0      3E69       0  CODE    
                text6                          007CE0  00000E  007CEE      3E70       0  CODE    
                text4                          007CEE  000018  007D06      3E77       0  CODE    
                text3                          007D06  000018  007D1E      3E83       0  CODE    
                cinit                          007D1E  000026  007D44      3E8F       0  CODE    
                text0                          007D44  0000A0  007DE4      3EA2       0  CODE    
                text5                          007DE4  0000A8  007E8C      3EF2       0  CODE    
                text1                          007E8C  0000B0  007F3C      3F46       0  CODE    
                text2                          007F3C  0000C4  008000      3F9E       0  CODE    


UNUSED ADDRESS RANGES

        Name                Unused          Largest block    Delta
        BANK0            000080-0000FF               80
        BANK1            000100-0001FF              100
        BANK2            000200-0002FF              100
        BANK3            000300-0003FF              100
        BANK4            000400-0004FF              100
        BANK5            000500-0005FF              100
        BIGRAM           00001F-0005FF              5E1
        CODE             000004-007CC7             7CC4
        COMRAM           00001F-00007F               61
        CONST            000004-007CC7             7CC4
        EEDATA           F00000-F000FF              100
        MEDIUMCONST      000600-007CC7             76C8
        RAM              000080-0005FF              100
        SFR              000F80-000FFF               80
        SMALLCONST       000600-007CC7              100
        STACK            000080-0005FF              580

                                  Symbol Table

?___awdiv                   cstackCOMRAM 000001
?___awmod                   cstackCOMRAM 000001
Display2_led_7Seg@dl1       cstackCOMRAM 00000C
Display2_led_7Seg@dl2       cstackCOMRAM 000009
Display2_led_7Seg@i         cstackCOMRAM 00000D
Display2_led_7Seg@i_210     cstackCOMRAM 00000F
_Display2_led_7Seg          text5        007DE4
_Led_Button                 text4        007CEE
_Motor_Relay                text3        007D06
_PORTBbits                  (abs)        000F81
_PORTCbits                  (abs)        000F82
_TRISB                      (abs)        000F93
_TRISC                      (abs)        000F94
__HRAM                      (abs)        000000
__Habs1                     abs1         000000
__Hbank0                    bank0        000000
__Hbank1                    bank1        000000
__Hbank2                    bank2        000000
__Hbank3                    bank3        000000
__Hbank4                    bank4        000000
__Hbank5                    bank5        000000
__Hbigbss                   bigbss       000000
__Hbigdata                  bigdata      000000
__Hbigram                   bigram       000000
__Hbss                      bss          000000
__Hcinit                    cinit        000000
__Hclrtext                  clrtext      000000
__Hcomram                   comram       000000
__Hconfig                   config       30000E
__Hconst                    const        000000
__HcstackCOMRAM             cstackCOMRAM 000000
__Hdata                     data         000000
__HdataCOMRAM               dataCOMRAM   000000
__Heeprom_data              eeprom_data  000000
__Hfarbss                   farbss       000000
__Hfardata                  fardata      000000
__Hibigdata                 ibigdata     000000
__Hidata                    idata        000000
__HidataCOMRAM              idataCOMRAM  000000
__Hidloc                    idloc        200008
__Hifardata                 ifardata     000000
__Hinit                     init         000004
__Hintcode                  intcode      000000
__Hintcode_body             intcode_body 000000
__Hintcodelo                intcodelo    000000
__Hintentry                 intentry     000000
__Hintret                   intret       000000
__Hintsave_regs             intsave_regs 000000
__Hirdata                   irdata       000000
__Hmediumconst              mediumconst  000000
__HnvFARRAM                 nvFARRAM     000000
__Hnvbit                    nvbit        000000
__Hnvrram                   nvrram       000000
__Hparam                    rparam       000000
__Hpowerup                  powerup      000000
__Hram                      ram          000000
__Hramtop                   ramtop       000600
__Hrbit                     rbit         000000
__Hrbss                     rbss         000000
__Hrdata                    rdata        000000
__Hreset_vec                reset_vec    000000
__Hrparam                   rparam       000000
__Hsfr                      sfr          000000
__Hsmallconst               smallconst   000000
__Hspace_0                  (abs)        008000
__Hspace_1                  (abs)        00001F
__Hspace_2                  (abs)        000000
__Hspace_4                  (abs)        60000E
__Hstack                    stack        000000
__Hstruct                   struct       000000
__Htemp                     temp         000000
__Htext                     text         000000
__Htext0                    text0        000000
__Htext1                    text1        000000
__Htext2                    text2        000000
__Htext3                    text3        000000
__Htext4                    text4        000000
__Htext5                    text5        000000
__Htext6                    text6        000000
__Htext7                    text7        000000
__LRAM                      (abs)        000001
__Labs1                     abs1         000000
__Lbank0                    bank0        000000
__Lbank1                    bank1        000000
__Lbank2                    bank2        000000
__Lbank3                    bank3        000000
__Lbank4                    bank4        000000
__Lbank5                    bank5        000000
__Lbigbss                   bigbss       000000
__Lbigdata                  bigdata      000000
__Lbigram                   bigram       000000
__Lbss                      bss          000000
__Lcinit                    cinit        000000
__Lclrtext                  clrtext      000000
__Lcomram                   comram       000000
__Lconfig                   config       000000
__Lconst                    const        000000
__LcstackCOMRAM             cstackCOMRAM 000000
__Ldata                     data         000000
__LdataCOMRAM               dataCOMRAM   000000
__Leeprom_data              eeprom_data  000000
__Lfarbss                   farbss       000000
__Lfardata                  fardata      000000
__Libigdata                 ibigdata     000000
__Lidata                    idata        000000
__LidataCOMRAM              idataCOMRAM  000000
__Lidloc                    idloc        000000
__Lifardata                 ifardata     000000
__Linit                     init         000000
__Lintcode                  intcode      000000
__Lintcode_body             intcode_body 000000
__Lintcodelo                intcodelo    000000
__Lintentry                 intentry     000000
__Lintret                   intret       000000
__Lintsave_regs             intsave_regs 000000
__Lirdata                   irdata       000000
__Lmediumconst              mediumconst  000000
__LnvFARRAM                 nvFARRAM     000000
__Lnvbit                    nvbit        000000
__Lnvrram                   nvrram       000000
__Lparam                    rparam       000000
__Lpowerup                  powerup      000000
__Lram                      ram          000000
__Lramtop                   ramtop       000600
__Lrbit                     rbit         000000
__Lrbss                     rbss         000000
__Lrdata                    rdata        000000
__Lreset_vec                reset_vec    000000
__Lrparam                   rparam       000000
__Lsfr                      sfr          000000
__Lsmallconst               smallconst   000000
__Lspace_0                  (abs)        000000
__Lspace_1                  (abs)        000000
__Lspace_2                  (abs)        000000
__Lspace_4                  (abs)        000000
__Lstack                    stack        000000
__Lstruct                   struct       000000
__Ltemp                     temp         000000
__Ltext                     text         000000
__Ltext0                    text0        000000
__Ltext1                    text1        000000
__Ltext2                    text2        000000
__Ltext3                    text3        000000
__Ltext4                    text4        000000
__Ltext5                    text5        000000
__Ltext6                    text6        000000
__Ltext7                    text7        000000
__S0                        (abs)        008000
__S1                        (abs)        00001F
__S2                        (abs)        000000
__S4                        (abs)        000000
__S5                        (abs)        000000
___awdiv                    text2        007F3C
___awdiv@counter            cstackCOMRAM 000005
___awdiv@dividend           cstackCOMRAM 000001
___awdiv@divisor            cstackCOMRAM 000003
___awdiv@quotient           cstackCOMRAM 000007
___awdiv@sign               cstackCOMRAM 000006
___awmod                    text1        007E8C
___awmod@counter            cstackCOMRAM 000005
___awmod@dividend           cstackCOMRAM 000001
___awmod@divisor            cstackCOMRAM 000003
___awmod@sign               cstackCOMRAM 000006
___inthi_sp                 stack        000000
___intlo_sp                 stack        000000
___param_bank               (abs)        000000
___rparam_used              (abs)        000001
___sp                       stack        000000
__accesstop                 (abs)        000080
__activetblptr              (abs)        000000
__end_of_Display2_led_7Seg  text5        007E8C
__end_of_Led_Button         text4        007D06
__end_of_Motor_Relay        text3        007D1E
__end_of___awdiv            text2        008000
__end_of___awmod            text1        007F3C
__end_of__initialization    cinit        007D3E
__end_of_clock_signal       text7        007CE0
__end_of_latch_enable       text6        007CEE
__end_of_main               text0        007DE4
__initialization            cinit        007D1E
__mediumconst               mediumconst  000000
__pcinit                    cinit        007D1E
__pcstackCOMRAM             cstackCOMRAM 000001
__pdataCOMRAM               dataCOMRAM   000015
__pidataCOMRAM              idataCOMRAM  007CC8
__ptext0                    text0        007D44
__ptext1                    text1        007E8C
__ptext2                    text2        007F3C
__ptext3                    text3        007D06
__ptext4                    text4        007CEE
__ptext5                    text5        007DE4
__ptext6                    text6        007CE0
__ptext7                    text7        007CD2
__ramtop                    ramtop       000600
__size_of_Display2_led_7Seg (abs)        000000
__size_of_Led_Button        (abs)        000000
__size_of_Motor_Relay       (abs)        000000
__size_of___awdiv           (abs)        000000
__size_of___awmod           (abs)        000000
__size_of_clock_signal      (abs)        000000
__size_of_latch_enable      (abs)        000000
__size_of_main              (abs)        000000
__smallconst                smallconst   000000
_clock_signal               text7        007CD2
_dem                        dataCOMRAM   000015
_latch_enable               text6        007CE0
_main                       text0        007D44
end_of_initialization       cinit        007D3E
intlevel0                   text         000000
intlevel1                   text         000000
intlevel2                   text         000000
intlevel3                   text         000000
isa$std                     (abs)        000001
isa$xinst                   (abs)        000000
main@i                      cstackCOMRAM 000013
stackhi                     (abs)        0005FF
stacklo                     (abs)        000080
start                       init         000000
start_initialization        cinit        007D1E


MODULE INFORMATION

Module		Function		Class		Link	Load	Size
C:\Program Files\Microchip\xc8\v2.32\pic\sources\c99\common\awdiv.c
		___awdiv       		CODE           	7F3C	0000	196

C:\Program Files\Microchip\xc8\v2.32\pic\sources\c99\common\awdiv.c estimated size: 196

shared
		__initialization		CODE           	7D1E	0000	32

shared estimated size: 32

C:\Program Files\Microchip\xc8\v2.32\pic\sources\c99\common\awmod.c
		___awmod       		CODE           	7E8C	0000	176

C:\Program Files\Microchip\xc8\v2.32\pic\sources\c99\common\awmod.c estimated size: 176

main.c
		_clock_signal  		CODE           	7CD2	0000	14
		_main          		CODE           	7D44	0000	160
		_Motor_Relay   		CODE           	7D06	0000	24
		_Display2_led_7Seg		CODE           	7DE4	0000	168
		_latch_enable  		CODE           	7CE0	0000	14
		_Led_Button    		CODE           	7CEE	0000	24

main.c estimated size: 404

